Component: Arm Compiler for Embedded 6.21 Tool: armlink [5ec1fa00]

==============================================================================

Section Cross References

    cortex_m4.o(.ARM.exidx.text.sys_tick_init) refers to cortex_m4.o(.text.sys_tick_init) for [Anonymous Symbol]
    cortex_m4.o(.ARM.exidx.text.Sys_tick_dis) refers to cortex_m4.o(.text.Sys_tick_dis) for [Anonymous Symbol]
    cortex_m4.o(.ARM.exidx.text.sys_tick_load_value) refers to cortex_m4.o(.text.sys_tick_load_value) for [Anonymous Symbol]
    cortex_m4.o(.text.DELAY_SYSTEM_TICK_NO_INTERRUPT) refers to cortex_m4.o(.text.sys_tick_load_value) for sys_tick_load_value
    cortex_m4.o(.ARM.exidx.text.DELAY_SYSTEM_TICK_NO_INTERRUPT) refers to cortex_m4.o(.text.DELAY_SYSTEM_TICK_NO_INTERRUPT) for [Anonymous Symbol]
    cortex_m4.o(.ARM.exidx.text.nvic_init) refers to cortex_m4.o(.text.nvic_init) for [Anonymous Symbol]
    cortex_m4.o(.ARM.exidx.text.NVIC_DISABLE) refers to cortex_m4.o(.text.NVIC_DISABLE) for [Anonymous Symbol]
    cortex_m4.o(.ARM.exidx.text.PTA_INTERRUPT) refers to cortex_m4.o(.text.PTA_INTERRUPT) for [Anonymous Symbol]
    cortex_m4.o(.ARM.exidx.text.PTB_INTERRUPT) refers to cortex_m4.o(.text.PTB_INTERRUPT) for [Anonymous Symbol]
    cortex_m4.o(.ARM.exidx.text.PTC_INTERRUPT) refers to cortex_m4.o(.text.PTC_INTERRUPT) for [Anonymous Symbol]
    cortex_m4.o(.ARM.exidx.text.PTD_INTERRUPT) refers to cortex_m4.o(.text.PTD_INTERRUPT) for [Anonymous Symbol]
    cortex_m4.o(.ARM.exidx.text.PTE_INTERRUPT) refers to cortex_m4.o(.text.PTE_INTERRUPT) for [Anonymous Symbol]
    cortex_m4.o(.ARM.exidx.text.PTA_PORT_INTERRUPT) refers to cortex_m4.o(.text.PTA_PORT_INTERRUPT) for [Anonymous Symbol]
    cortex_m4.o(.ARM.exidx.text.PTB_PORT_INTERRUPT) refers to cortex_m4.o(.text.PTB_PORT_INTERRUPT) for [Anonymous Symbol]
    cortex_m4.o(.ARM.exidx.text.PTC_PORT_INTERRUPT) refers to cortex_m4.o(.text.PTC_PORT_INTERRUPT) for [Anonymous Symbol]
    cortex_m4.o(.ARM.exidx.text.PTD_PORT_INTERRUPT) refers to cortex_m4.o(.text.PTD_PORT_INTERRUPT) for [Anonymous Symbol]
    cortex_m4.o(.ARM.exidx.text.PTE_PORT_INTERRUPT) refers to cortex_m4.o(.text.PTE_PORT_INTERRUPT) for [Anonymous Symbol]
    cortex_m4.o(.ARM.exidx.text.LPIT_CHANNEL_0_INTERRUPT) refers to cortex_m4.o(.text.LPIT_CHANNEL_0_INTERRUPT) for [Anonymous Symbol]
    cortex_m4.o(.ARM.exidx.text.LPIT_CHANNEL_1_INTERRUPT) refers to cortex_m4.o(.text.LPIT_CHANNEL_1_INTERRUPT) for [Anonymous Symbol]
    cortex_m4.o(.ARM.exidx.text.LPIT_CHANNEL_2_INTERRUPT) refers to cortex_m4.o(.text.LPIT_CHANNEL_2_INTERRUPT) for [Anonymous Symbol]
    cortex_m4.o(.ARM.exidx.text.LPIT_CHANNEL_3_INTERRUPT) refers to cortex_m4.o(.text.LPIT_CHANNEL_3_INTERRUPT) for [Anonymous Symbol]
    gpio_address.o(.ARM.exidx.text.gpio_init) refers to gpio_address.o(.text.gpio_init) for [Anonymous Symbol]
    gpio_address.o(.ARM.exidx.text.TOGGLE_OUTPUT_PORT) refers to gpio_address.o(.text.TOGGLE_OUTPUT_PORT) for [Anonymous Symbol]
    gpio_address.o(.ARM.exidx.text.SET_OUTPUT_PORT) refers to gpio_address.o(.text.SET_OUTPUT_PORT) for [Anonymous Symbol]
    gpio_address.o(.ARM.exidx.text.CLEAR_OUTPUT_PORT) refers to gpio_address.o(.text.CLEAR_OUTPUT_PORT) for [Anonymous Symbol]
    gpio_address.o(.ARM.exidx.text.CHECK_INPUT_PORT) refers to gpio_address.o(.text.CHECK_INPUT_PORT) for [Anonymous Symbol]
    scg_config.o(.ARM.exidx.text.sosc_8mhz_init) refers to scg_config.o(.text.sosc_8mhz_init) for [Anonymous Symbol]
    scg_config.o(.ARM.exidx.text.FIRC_48MHZ_INIT) refers to scg_config.o(.text.FIRC_48MHZ_INIT) for [Anonymous Symbol]
    scg_config.o(.ARM.exidx.text.SIRC_8MHZ_INIT) refers to scg_config.o(.text.SIRC_8MHZ_INIT) for [Anonymous Symbol]
    scg_config.o(.ARM.exidx.text.SPLL_INIT) refers to scg_config.o(.text.SPLL_INIT) for [Anonymous Symbol]
    scg_config.o(.ARM.exidx.text.rccr_normal_run_init) refers to scg_config.o(.text.rccr_normal_run_init) for [Anonymous Symbol]
    scg_config.o(.ARM.exidx.text.HCCR_High_run_init) refers to scg_config.o(.text.HCCR_High_run_init) for [Anonymous Symbol]
    scg_config.o(.ARM.exidx.text.VCCR_Very_low_power_run_init) refers to scg_config.o(.text.VCCR_Very_low_power_run_init) for [Anonymous Symbol]
    scg_config.o(.ARM.exidx.text.Slow_Run_Fast_IRC) refers to scg_config.o(.text.Slow_Run_Fast_IRC) for [Anonymous Symbol]
    scg_config.o(.text.Normal_run_system_pll_160) refers to scg_config.o(.text.sosc_8mhz_init) for sosc_8mhz_init
    scg_config.o(.text.Normal_run_system_pll_160) refers to scg_config.o(.text.SPLL_INIT) for SPLL_INIT
    scg_config.o(.ARM.exidx.text.Normal_run_system_pll_160) refers to scg_config.o(.text.Normal_run_system_pll_160) for [Anonymous Symbol]
    scg_config.o(.text.Normal_run_system_pll_128) refers to scg_config.o(.text.sosc_8mhz_init) for sosc_8mhz_init
    scg_config.o(.text.Normal_run_system_pll_128) refers to scg_config.o(.text.SPLL_INIT) for SPLL_INIT
[...]
    __lcnum_c_point                          0x00000650   Data           0  lc_numeric_c.o(locale$$data)
    __lcnum_c_thousands                      0x00000652   Data           0  lc_numeric_c.o(locale$$data)
    __lcnum_c_grouping                       0x00000653   Data           0  lc_numeric_c.o(locale$$data)
    __lcnum_c_end                            0x00000654   Data           0  lc_numeric_c.o(locale$$data)
    !!!main                                  0x00000658   Section        8  __main.o(!!!main)
    !!!scatter                               0x00000660   Section       92  __scatter.o(!!!scatter)
    !!handler_copy                           0x000006bc   Section       26  __scatter_copy.o(!!handler_copy)
    !!handler_null                           0x000006d8   Section        2  __scatter.o(!!handler_null)
    !!handler_zi                             0x000006dc   Section       28  __scatter_zi.o(!!handler_zi)
    .ARM.Collect$$_printf_percent$$00000000  0x000006f8   Section        0  _printf_percent.o(.ARM.Collect$$_printf_percent$$00000000)
    .ARM.Collect$$_printf_percent$$00000001  0x000006f8   Section        6  _printf_n.o(.ARM.Collect$$_printf_percent$$00000001)
    .ARM.Collect$$_printf_percent$$00000002  0x000006fe   Section        6  _printf_p.o(.ARM.Collect$$_printf_percent$$00000002)
    .ARM.Collect$$_printf_percent$$00000003  0x00000704   Section        6  _printf_f.o(.ARM.Collect$$_printf_percent$$00000003)
    .ARM.Collect$$_printf_percent$$00000004  0x0000070a   Section        6  _printf_e.o(.ARM.Collect$$_printf_percent$$00000004)
    .ARM.Collect$$_printf_percent$$00000005  0x00000710   Section        6  _printf_g.o(.ARM.Collect$$_printf_percent$$00000005)
    .ARM.Collect$$_printf_percent$$00000006  0x00000716   Section        6  _printf_a.o(.ARM.Collect$$_printf_percent$$00000006)
    .ARM.Collect$$_printf_percent$$00000007  0x0000071c   Section       10  _printf_ll.o(.ARM.Collect$$_printf_percent$$00000007)
    .ARM.Collect$$_printf_percent$$00000008  0x00000726   Section        6  _printf_i.o(.ARM.Collect$$_printf_percent$$00000008)
    .ARM.Collect$$_printf_percent$$00000009  0x0000072c   Section        6  _printf_d.o(.ARM.Collect$$_printf_percent$$00000009)
    .ARM.Collect$$_printf_percent$$0000000A  0x00000732   Section        6  _printf_u.o(.ARM.Collect$$_printf_percent$$0000000A)
    .ARM.Collect$$_printf_percent$$0000000B  0x00000738   Section        6  _printf_o.o(.ARM.Collect$$_printf_percent$$0000000B)
    .ARM.Collect$$_printf_percent$$0000000C  0x0000073e   Section        6  _printf_x.o(.ARM.Collect$$_printf_percent$$0000000C)
    .ARM.Collect$$_printf_percent$$0000000D  0x00000744   Section        6  _printf_lli.o(.ARM.Collect$$_printf_percent$$0000000D)
    .ARM.Collect$$_printf_percent$$0000000E  0x0000074a   Section        6  _printf_lld.o(.ARM.Collect$$_printf_percent$$0000000E)
    .ARM.Collect$$_printf_percent$$0000000F  0x00000750   Section        6  _printf_llu.o(.ARM.Collect$$_printf_percent$$0000000F)
    .ARM.Collect$$_printf_percent$$00000010  0x00000756   Section        6  _printf_llo.o(.ARM.Collect$$_printf_percent$$00000010)
    .ARM.Collect$$_printf_percent$$00000011  0x0000075c   Section        6  _printf_llx.o(.ARM.Collect$$_printf_percent$$00000011)
    .ARM.Collect$$_printf_percent$$00000012  0x00000762   Section       10  _printf_l.o(.ARM.Collect$$_printf_percent$$00000012)
    .ARM.Collect$$_printf_percent$$00000013  0x0000076c   Section        6  _printf_c.o(.ARM.Collect$$_printf_percent$$00000013)
    .ARM.Collect$$_printf_percent$$00000014  0x00000772   Section        6  _printf_s.o(.ARM.Collect$$_printf_percent$$00000014)
    .ARM.Collect$$_printf_percent$$00000015  0x00000778   Section        6  _printf_lc.o(.ARM.Collect$$_printf_percent$$00000015)
    .ARM.Collect$$_printf_percent$$00000016  0x0000077e   Section        6  _printf_ls.o(.ARM.Collect$$_printf_percent$$00000016)
    .ARM.Collect$$_printf_percent$$00000017  0x00000784   Section        4  _printf_percent_end.o(.ARM.Collect$$_printf_percent$$00000017)
    .ARM.Collect$$libinit$$00000000          0x00000788   Section        2  libinit.o(.ARM.Collect$$libinit$$00000000)
    .ARM.Collect$$libinit$$00000001          0x0000078a   Section        4  libinit2.o(.ARM.Collect$$libinit$$00000001)
    .ARM.Collect$$libinit$$00000004          0x0000078e   Section        0  libinit2.o(.ARM.Collect$$libinit$$00000004)
    .ARM.Collect$$libinit$$00000006          0x0000078e   Section        0  libinit2.o(.ARM.Collect$$libinit$$00000006)
    .ARM.Collect$$libinit$$0000000C          0x0000078e   Section        0  libinit2.o(.ARM.Collect$$libinit$$0000000C)
    .ARM.Collect$$libinit$$0000000E          0x0000078e   Section        0  libinit2.o(.ARM.Collect$$libinit$$0000000E)
    .ARM.Collect$$libinit$$00000010          0x0000078e   Section        0  libinit2.o(.ARM.Collect$$libinit$$00000010)
    .ARM.Collect$$libinit$$00000011          0x0000078e   Section        6  libinit2.o(.ARM.Collect$$libinit$$00000011)
    .ARM.Collect$$libinit$$00000013          0x00000794   Section        0  libinit2.o(.ARM.Collect$$libinit$$00000013)
    .ARM.Collect$$libinit$$00000014          0x00000794   Section       12  libinit2.o(.ARM.Collect$$libinit$$00000014)
    .ARM.Collect$$libinit$$00000015          0x000007a0   Section        0  libinit2.o(.ARM.Collect$$libinit$$00000015)
    .ARM.Collect$$libinit$$00000017          0x000007a0   Section        0  libinit2.o(.ARM.Collect$$libinit$$00000017)
    .ARM.Collect$$libinit$$00000018          0x000007a0   Section       10  libinit2.o(.ARM.Collect$$libinit$$00000018)
    .ARM.Collect$$libinit$$00000019          0x000007aa   Section        0  libinit2.o(.ARM.Collect$$libinit$$00000019)
    .ARM.Collect$$libinit$$0000001B          0x000007aa   Section        0  libinit2.o(.ARM.Collect$$libinit$$0000001B)
    .ARM.Collect$$libinit$$0000001D          0x000007aa   Section        0  libinit2.o(.ARM.Collect$$libinit$$0000001D)
    .ARM.Collect$$libinit$$0000001F          0x000007aa   Section        0  libinit2.o(.ARM.Collect$$libinit$$0000001F)
    .ARM.Collect$$libinit$$00000021          0x000007aa   Section        0  libinit2.o(.ARM.Collect$$libinit$$00000021)
    .ARM.Collect$$libinit$$00000023          0x000007aa   Section        0  libinit2.o(.ARM.Collect$$libinit$$00000023)
    .ARM.Collect$$libinit$$00000025          0x000007aa   Section        0  libinit2.o(.ARM.Collect$$libinit$$00000025)
    .ARM.Collect$$libinit$$00000027          0x000007aa   Section        0  libinit2.o(.ARM.Collect$$libinit$$00000027)
    .ARM.Collect$$libinit$$0000002E          0x000007aa   Section        0  libinit2.o(.ARM.Collect$$libinit$$0000002E)
    .ARM.Collect$$libinit$$00000030          0x000007aa   Section        0  libinit2.o(.ARM.Collect$$libinit$$00000030)
    .ARM.Collect$$libinit$$00000032          0x000007aa   Section        0  libinit2.o(.ARM.Collect$$libinit$$00000032)
    .ARM.Collect$$libinit$$00000034          0x000007aa   Section        0  libinit2.o(.ARM.Collect$$libinit$$00000034)
    .ARM.Collect$$libinit$$00000035          0x000007aa   Section        2  libinit2.o(.ARM.Collect$$libinit$$00000035)
    .ARM.Collect$$libshutdown$$00000000      0x000007ac   Section        2  libshutdown.o(.ARM.Collect$$libshutdown$$00000000)
    .ARM.Collect$$libshutdown$$00000002      0x000007ae   Section        0  libshutdown2.o(.ARM.Collect$$libshutdown$$00000002)
    .ARM.Collect$$libshutdown$$00000004      0x000007ae   Section        0  libshutdown2.o(.ARM.Collect$$libshutdown$$00000004)
    .ARM.Collect$$libshutdown$$00000007      0x000007ae   Section        0  libshutdown2.o(.ARM.Collect$$libshutdown$$00000007)
    .ARM.Collect$$libshutdown$$0000000A      0x000007ae   Section        0  libshutdown2.o(.ARM.Collect$$libshutdown$$0000000A)
    .ARM.Collect$$libshutdown$$0000000C      0x000007ae   Section        0  libshutdown2.o(.ARM.Collect$$libshutdown$$0000000C)
    .ARM.Collect$$libshutdown$$0000000F      0x000007ae   Section        0  libshutdown2.o(.ARM.Collect$$libshutdown$$0000000F)
    .ARM.Collect$$libshutdown$$00000010      0x000007ae   Section        2  libshutdown2.o(.ARM.Collect$$libshutdown$$00000010)
    .ARM.Collect$$rtentry$$00000000          0x000007b0   Section        0  __rtentry.o(.ARM.Collect$$rtentry$$00000000)
    .ARM.Collect$$rtentry$$00000002          0x000007b0   Section        0  __rtentry2.o(.ARM.Collect$$rtentry$$00000002)
    .ARM.Collect$$rtentry$$00000007          0x000007b0   Section        4  __rtentry7.o(.ARM.Collect$$rtentry$$00000007)
    .ARM.Collect$$rtentry$$00000009          0x000007b4   Section        0  __rtentry2.o(.ARM.Collect$$rtentry$$00000009)
    .ARM.Collect$$rtentry$$0000000A          0x000007b4   Section        4  __rtentry2.o(.ARM.Collect$$rtentry$$0000000A)
    .ARM.Collect$$rtentry$$0000000C          0x000007b8   Section        0  __rtentry2.o(.ARM.Collect$$rtentry$$0000000C)
    .ARM.Collect$$rtentry$$0000000D          0x000007b8   Section        8  __rtentry2.o(.ARM.Collect$$rtentry$$0000000D)
    __lit__00000000                          0x000007c0   Data           4  __rtentry7.o(.ARM.Collect$$rtentry$$00002718)
    .ARM.Collect$$rtentry$$00002718          0x000007c0   Section        4  __rtentry7.o(.ARM.Collect$$rtentry$$00002718)
    .ARM.Collect$$rtexit$$00000000           0x000007c4   Section        2  rtexit.o(.ARM.Collect$$rtexit$$00000000)
    .ARM.Collect$$rtexit$$00000002           0x000007c6   Section        0  rtexit2.o(.ARM.Collect$$rtexit$$00000002)
    .ARM.Collect$$rtexit$$00000003           0x000007c6   Section        4  rtexit2.o(.ARM.Collect$$rtexit$$00000003)
    .ARM.Collect$$rtexit$$00000004           0x000007ca   Section        6  rtexit2.o(.ARM.Collect$$rtexit$$00000004)
    .text                                    0x000007d0   Section      156  startup_s32k144.o(.text)
    $v0                                      0x00000824   Number         0  startup_s32k144.o(.text)
    .text                                    0x0000086c   Section        0  sprintf.o(.text)
    .text                                    0x00000898   Section        0  atoi.o(.text)
    .text                                    0x000008b4   Section        0  strtok.o(.text)
    .text                                    0x000008c0   Section        8  rt_errno_addr_intlibspace.o(.text)
    .text                                    0x000008c8   Section        0  _printf_pad.o(.text)
    .text                                    0x00000916   Section        0  _printf_truncate.o(.text)
    .text                                    0x0000093a   Section        0  _printf_str.o(.text)
    .text                                    0x0000098c   Section        0  _printf_dec.o(.text)
    .text                                    0x00000a04   Section        0  _printf_charcount.o(.text)
    _printf_input_char                       0x00000a2d   Thumb Code    10  _printf_char_common.o(.text)
    .text                                    0x00000a2c   Section        0  _printf_char_common.o(.text)
    .text                                    0x00000a5c   Section        0  _sputc.o(.text)
    .text                                    0x00000a68   Section        0  _printf_wctomb.o(.text)
    .text                                    0x00000b24   Section        0  _printf_longlong_dec.o(.text)
    _printf_longlong_oct_internal            0x00000ba1   Thumb Code     0  _printf_oct_int_ll.o(.text)
    .text                                    0x00000ba0   Section        0  _printf_oct_int_ll.o(.text)
    _printf_hex_common                       0x00000c11   Thumb Code     0  _printf_hex_int_ll_ptr.o(.text)
    .text                                    0x00000c10   Section        0  _printf_hex_int_ll_ptr.o(.text)
    .text                                    0x00000ca4   Section        0  __printf_flags_ss_wp.o(.text)
    .text                                    0x00000e2c   Section        0  strtol.o(.text)
    .text                                    0x00000e9c   Section        0  strtok_int.o(.text)
    .text                                    0x00000ee0   Section       16  rt_ctype_table.o(.text)
    .text                                    0x00000ef0   Section      138  lludiv10.o(.text)
    .text                                    0x00000f7a   Section        0  _printf_intcommon.o(.text)
    _fp_digits                               0x0000102d   Thumb Code   432  _printf_fp_dec.o(.text)
    .text                                    0x0000102c   Section        0  _printf_fp_dec.o(.text)
    .text                                    0x00001448   Section        0  _printf_fp_hex.o(.text)
    .text                                    0x00001744   Section        0  _printf_char.o(.text)
    .text                                    0x00001770   Section        0  _printf_wchar.o(.text)
    .text                                    0x0000179c   Section        0  _strtoul.o(.text)
    .text                                    0x0000183a   Section        0  _c16rtomb.o(.text)
    .text                                    0x00001882   Section        0  strcspn.o(.text)
    .text                                    0x000018a2   Section        0  strspn.o(.text)
    .text                                    0x000018c0   Section        8  rt_locale_intlibspace.o(.text)
    .text                                    0x000018c8   Section        0  _printf_fp_infnan.o(.text)
    .text                                    0x00001948   Section        0  _chval.o(.text)
    .text                                    0x00001964   Section        0  bigflt0.o(.text)
    .text                                    0x00001a48   Section        0  exit.o(.text)
    .text                                    0x00001a60   Section      124  strcmpv7em.o(.text)
    .text                                    0x00001adc   Section        2  use_no_semi.o(.text)
    .text                                    0x00001ade   Section        0  indicate_semi.o(.text)
    .text                                    0x00001ae0   Section        0  sys_exit.o(.text)
    [Anonymous Symbol]                       0x00001aec   Section        0  main.o(.text.LPSPI1_IRQHandler)
    [Anonymous Symbol]                       0x00001b5c   Section        0  main.o(.text.LPUART1_RxTx_IRQHandler)
    [Anonymous Symbol]                       0x00001c38   Section        0  main.o(.text.PORTC_IRQHandler)
    [Anonymous Symbol]                       0x00001c58   Section        0  cortex_m4.o(.text.PTC_PORT_INTERRUPT)
    [Anonymous Symbol]                       0x00001c98   Section        0  main.o(.text.SysTick_Handler)
    [Anonymous Symbol]                       0x00001ca8   Section        0  system_s32k144.o(.text.SystemInit)
    [Anonymous Symbol]                       0x00001cfc   Section        0  main.o(.text.button0_process)
    [Anonymous Symbol]                       0x00001d24   Section        0  main.o(.text.button1_process)
    [Anonymous Symbol]                       0x00001d80   Section        0  mem.o(.text.flash_launch_command)
    [Anonymous Symbol]                       0x00001da4   Section        0  mem.o(.text.flash_ready)
    [Anonymous Symbol]                       0x00001dfc   Section        0  mem.o(.text.flexram_normal_eeprom)
    [Anonymous Symbol]                       0x00001e30   Section        0  main.o(.text.get_time_month)
    [Anonymous Symbol]                       0x00001edc   Section        0  gpio_address.o(.text.gpio_init)
    [Anonymous Symbol]                       0x0000202c   Section        0  startup.o(.text.init_data_bss)
    [Anonymous Symbol]                       0x000020cc   Section        0  lpspi.o(.text.lpspi1_init_master)
    [Anonymous Symbol]                       0x00002180   Section        0  lpspi.o(.text.lpspi1_transmit_start)
    [Anonymous Symbol]                       0x00002194   Section        0  lpuart.o(.text.lpuart1_transmit_start)
    [Anonymous Symbol]                       0x000021a8   Section        0  lpuart.o(.text.lpuartn_init)
    [Anonymous Symbol]                       0x00002310   Section        0  main.o(.text.main)
    [Anonymous Symbol]                       0x000029ac   Section        0  cortex_m4.o(.text.nvic_init)
    [Anonymous Symbol]                       0x00002a3c   Section        0  mem.o(.text.program_partition_command)
    [Anonymous Symbol]                       0x00002a80   Section        0  scg_config.o(.text.rccr_normal_run_init)
    [Anonymous Symbol]                       0x00002b08   Section        0  mem.o(.text.readEEPROM)
    [Anonymous Symbol]                       0x00002b2c   Section        0  main.o(.text.set_date)
    [Anonymous Symbol]                       0x00002c3c   Section        0  main.o(.text.set_time)
    [Anonymous Symbol]                       0x00002d00   Section        0  scg_config.o(.text.sosc_8mhz_init)
    [Anonymous Symbol]                       0x00002d88   Section        0  cortex_m4.o(.text.sys_tick_init)
    [Anonymous Symbol]                       0x00002dd0   Section        0  cortex_m4.o(.text.sys_tick_load_value)
    [Anonymous Symbol]                       0x00002df8   Section        0  mem.o(.text.writeEEPROM)
    CL$$btod_d2e                             0x00002e1c   Section       62  btod.o(CL$$btod_d2e)
    CL$$btod_d2e_denorm_low                  0x00002e5a   Section       70  btod.o(CL$$btod_d2e_denorm_low)
    CL$$btod_d2e_norm_op1                    0x00002ea0   Section       96  btod.o(CL$$btod_d2e_norm_op1)
    CL$$btod_div_common                      0x00002f00   Section      824  btod.o(CL$$btod_div_common)
    CL$$btod_e2e                             0x00003238   Section      220  btod.o(CL$$btod_e2e)
    CL$$btod_ediv                            0x00003314   Section       42  btod.o(CL$$btod_ediv)
    CL$$btod_emul                            0x0000333e   Section       42  btod.o(CL$$btod_emul)
    CL$$btod_mult_common                     0x00003368   Section      580  btod.o(CL$$btod_mult_common)
    i.__ARM_fpclassify                       0x000035ac   Section        0  fpclassify.o(i.__ARM_fpclassify)
    i._is_digit                              0x000035dc   Section        0  __printf_wp.o(i._is_digit)
    locale$$code                             0x000035ec   Section       44  lc_ctype_c.o(locale$$code)
    locale$$code                             0x00003618   Section       44  lc_numeric_c.o(locale$$code)
    $v0                                      0x00003644   Number         0  fpinit.o(x$fpl$fpinit)
    x$fpl$fpinit                             0x00003644   Section       26  fpinit.o(x$fpl$fpinit)
    $v0                                      0x0000365e   Number         0  printf1.o(x$fpl$printf1)
    x$fpl$printf1                            0x0000365e   Section        4  printf1.o(x$fpl$printf1)
    $v0                                      0x00003662   Number         0  printf2.o(x$fpl$printf2)
    x$fpl$printf2                            0x00003662   Section        4  printf2.o(x$fpl$printf2)
    x$fpl$usenofp                            0x00003666   Section        0  usenofp.o(x$fpl$usenofp)
    _strtok_saves1                           0x1fff8400   Data           4  strtok.o(.data)
    .data                                    0x1fff8400   Section        4  strtok.o(.data)
    .bss                                     0x20000000   Section       96  libspace.o(.bss)

    Global Symbols

    Symbol Name                              Value     Ov Type        Size  Object(Section)

    BuildAttributes$$THM_ISAv4$E$P$D$K$B$S$7EM$VFPi3$EXTD16$VFPS$VFMA$PE$A:L22UL41UL21$X:L11$S22US41US21$IEEE1$IW$~IW$USESV6$~STKCKD$USESV7$~SHL$OTIME$ROPI$IEEEJ$EBA8$UX$STANDARDLIB$REQ8$PRES8$EABIv2 0x00000000   Number         0  anon$$obj.o ABSOLUTE
    Image$$RW_m_code$$Length                 0x00000000   Number         0  anon$$obj.o ABSOLUTE
    Image$$VECTOR_RAM$$Length                0x00000000   Number         0  anon$$obj.o ABSOLUTE
    Image$$VECTOR_ROM$$Base                  0x00000000   Number         0  anon$$obj.o ABSOLUTE
    __Vectors                                0x00000000   Data           4  startup_s32k144.o(RESET)
    _printf_flags                            0x00000000   Number         0  printf_stubs.o ABSOLUTE
    _printf_return_value                     0x00000000   Number         0  printf_stubs.o ABSOLUTE
    _printf_sizespec                         0x00000000   Number         0  printf_stubs.o ABSOLUTE
    _printf_widthprec                        0x00000000   Number         0  printf_stubs.o ABSOLUTE
    Image$$ZI$$Limit                          - Undefined Weak Reference
    __ARM_exceptions_init                     - Undefined Weak Reference
    __alloca_initialize                       - Undefined Weak Reference
    __arm_preinit_                            - Undefined Weak Reference
    __arm_relocate_pie_                       - Undefined Weak Reference
    __cpp_initialize__aeabi_                  - Undefined Weak Reference
    __cxa_finalize                            - Undefined Weak Reference
    __sigvec_lookup                           - Undefined Weak Reference
    _atexit_init                              - Undefined Weak Reference
    _call_atexit_fns                          - Undefined Weak Reference
    _clock_init                               - Undefined Weak Reference
    _fp_trap_init                             - Undefined Weak Reference
    _fp_trap_shutdown                         - Undefined Weak Reference
    _get_lc_collate                           - Undefined Weak Reference
    _get_lc_monetary                          - Undefined Weak Reference
    _get_lc_time                              - Undefined Weak Reference
    _getenv_init                              - Undefined Weak Reference
    _handle_redirection                       - Undefined Weak Reference
    _init_alloc                               - Undefined Weak Reference
    _init_user_alloc                          - Undefined Weak Reference
    _initio                                   - Undefined Weak Reference
    _printf_mbtowc                            - Undefined Weak Reference
    _printf_wc                                - Undefined Weak Reference
    _rand_init                                - Undefined Weak Reference
    _signal_finish                            - Undefined Weak Reference
    _signal_init                              - Undefined Weak Reference
    _terminate_alloc                          - Undefined Weak Reference
    _terminate_user_alloc                     - Undefined Weak Reference
    _terminateio                              - Undefined Weak Reference
    Image$$RW_m_data$$Length                 0x00000008   Number         0  anon$$obj.o ABSOLUTE
    Image$$VECTOR_ROM$$Length                0x00000230   Number         0  anon$$obj.o ABSOLUTE
    Image$$VECTOR_ROM$$Limit                 0x00000230   Number         0  anon$$obj.o ABSOLUTE
    Image$$ER_m_text_const$$Base             0x00000410   Number         0  anon$$obj.o ABSOLUTE
    __ctype                                  0x00000535   Data           0  lc_ctype_c.o(locale$$data)
    Image$$ER_m_text_const$$Limit            0x00000654   Number         0  anon$$obj.o ABSOLUTE
    __main                                   0x00000659   Thumb Code     8  __main.o(!!!main)
    __scatterload                            0x00000661   Thumb Code     0  __scatter.o(!!!scatter)
    __scatterload_rt2                        0x00000661   Thumb Code    84  __scatter.o(!!!scatter)
    __scatterload_rt2_thumb_only             0x00000661   Thumb Code     0  __scatter.o(!!!scatter)
    __scatterload_loop                       0x0000066b   Thumb Code     0  __scatter.o(!!!scatter)
    __scatterload_copy                       0x000006bd   Thumb Code    26  __scatter_copy.o(!!handler_copy)
    __scatterload_null                       0x000006d9   Thumb Code     2  __scatter.o(!!handler_null)
    __scatterload_zeroinit                   0x000006dd   Thumb Code    28  __scatter_zi.o(!!handler_zi)
    _printf_n                                0x000006f9   Thumb Code     0  _printf_n.o(.ARM.Collect$$_printf_percent$$00000001)
    _printf_percent                          0x000006f9   Thumb Code     0  _printf_percent.o(.ARM.Collect$$_printf_percent$$00000000)
    _printf_p                                0x000006ff   Thumb Code     0  _printf_p.o(.ARM.Collect$$_printf_percent$$00000002)
    _printf_f                                0x00000705   Thumb Code     0  _printf_f.o(.ARM.Collect$$_printf_percent$$00000003)
    _printf_e                                0x0000070b   Thumb Code     0  _printf_e.o(.ARM.Collect$$_printf_percent$$00000004)
    _printf_g                                0x00000711   Thumb Code     0  _printf_g.o(.ARM.Collect$$_printf_percent$$00000005)
    _printf_a                                0x00000717   Thumb Code     0  _printf_a.o(.ARM.Collect$$_printf_percent$$00000006)
    _printf_ll                               0x0000071d   Thumb Code     0  _printf_ll.o(.ARM.Collect$$_printf_percent$$00000007)
    _printf_i                                0x00000727   Thumb Code     0  _printf_i.o(.ARM.Collect$$_printf_percent$$00000008)
    _printf_d                                0x0000072d   Thumb Code     0  _printf_d.o(.ARM.Collect$$_printf_percent$$00000009)
    _printf_u                                0x00000733   Thumb Code     0  _printf_u.o(.ARM.Collect$$_printf_percent$$0000000A)
    _printf_o                                0x00000739   Thumb Code     0  _printf_o.o(.ARM.Collect$$_printf_percent$$0000000B)
    _printf_x                                0x0000073f   Thumb Code     0  _printf_x.o(.ARM.Collect$$_printf_percent$$0000000C)
    _printf_lli                              0x00000745   Thumb Code     0  _printf_lli.o(.ARM.Collect$$_printf_percent$$0000000D)
    _printf_lld                              0x0000074b   Thumb Code     0  _printf_lld.o(.ARM.Collect$$_printf_percent$$0000000E)
    _printf_llu                              0x00000751   Thumb Code     0  _printf_llu.o(.ARM.Collect$$_printf_percent$$0000000F)
    _printf_llo                              0x00000757   Thumb Code     0  _printf_llo.o(.ARM.Collect$$_printf_percent$$00000010)
    _printf_llx                              0x0000075d   Thumb Code     0  _printf_llx.o(.ARM.Collect$$_printf_percent$$00000011)
    _printf_l                                0x00000763   Thumb Code     0  _printf_l.o(.ARM.Collect$$_printf_percent$$00000012)
    _printf_c                                0x0000076d   Thumb Code     0  _printf_c.o(.ARM.Collect$$_printf_percent$$00000013)
    _printf_s                                0x00000773   Thumb Code     0  _printf_s.o(.ARM.Collect$$_printf_percent$$00000014)
    _printf_lc                               0x00000779   Thumb Code     0  _printf_lc.o(.ARM.Collect$$_printf_percent$$00000015)
    _printf_ls                               0x0000077f   Thumb Code     0  _printf_ls.o(.ARM.Collect$$_printf_percent$$00000016)
    _printf_percent_end                      0x00000785   Thumb Code     0  _printf_percent_end.o(.ARM.Collect$$_printf_percent$$00000017)
    __rt_lib_init                            0x00000789   Thumb Code     0  libinit.o(.ARM.Collect$$libinit$$00000000)
    __rt_lib_init_fp_1                       0x0000078b   Thumb Code     0  libinit2.o(.ARM.Collect$$libinit$$00000001)
    __rt_lib_init_heap_1                     0x0000078f   Thumb Code     0  libinit2.o(.ARM.Collect$$libinit$$0000000C)
    __rt_lib_init_lc_common                  0x0000078f   Thumb Code     0  libinit2.o(.ARM.Collect$$libinit$$00000011)
    __rt_lib_init_preinit_1                  0x0000078f   Thumb Code     0  libinit2.o(.ARM.Collect$$libinit$$00000006)
    __rt_lib_init_rand_1                     0x0000078f   Thumb Code     0  libinit2.o(.ARM.Collect$$libinit$$00000010)
    __rt_lib_init_relocate_pie_1             0x0000078f   Thumb Code     0  libinit2.o(.ARM.Collect$$libinit$$00000004)
    __rt_lib_init_user_alloc_1               0x0000078f   Thumb Code     0  libinit2.o(.ARM.Collect$$libinit$$0000000E)
    __rt_lib_init_lc_collate_1               0x00000795   Thumb Code     0  libinit2.o(.ARM.Collect$$libinit$$00000013)
    __rt_lib_init_lc_ctype_2                 0x00000795   Thumb Code     0  libinit2.o(.ARM.Collect$$libinit$$00000014)
    __rt_lib_init_lc_ctype_1                 0x000007a1   Thumb Code     0  libinit2.o(.ARM.Collect$$libinit$$00000015)
    __rt_lib_init_lc_monetary_1              0x000007a1   Thumb Code     0  libinit2.o(.ARM.Collect$$libinit$$00000017)
    __rt_lib_init_lc_numeric_2               0x000007a1   Thumb Code     0  libinit2.o(.ARM.Collect$$libinit$$00000018)
    __rt_lib_init_alloca_1                   0x000007ab   Thumb Code     0  libinit2.o(.ARM.Collect$$libinit$$00000030)
    __rt_lib_init_argv_1                     0x000007ab   Thumb Code     0  libinit2.o(.ARM.Collect$$libinit$$0000002E)
    __rt_lib_init_atexit_1                   0x000007ab   Thumb Code     0  libinit2.o(.ARM.Collect$$libinit$$0000001D)
    __rt_lib_init_clock_1                    0x000007ab   Thumb Code     0  libinit2.o(.ARM.Collect$$libinit$$00000023)
    __rt_lib_init_cpp_1                      0x000007ab   Thumb Code     0  libinit2.o(.ARM.Collect$$libinit$$00000034)
    __rt_lib_init_exceptions_1               0x000007ab   Thumb Code     0  libinit2.o(.ARM.Collect$$libinit$$00000032)
    __rt_lib_init_fp_trap_1                  0x000007ab   Thumb Code     0  libinit2.o(.ARM.Collect$$libinit$$00000021)
    __rt_lib_init_getenv_1                   0x000007ab   Thumb Code     0  libinit2.o(.ARM.Collect$$libinit$$00000025)
    __rt_lib_init_lc_numeric_1               0x000007ab   Thumb Code     0  libinit2.o(.ARM.Collect$$libinit$$00000019)
    __rt_lib_init_lc_time_1                  0x000007ab   Thumb Code     0  libinit2.o(.ARM.Collect$$libinit$$0000001B)
    __rt_lib_init_return                     0x000007ab   Thumb Code     0  libinit2.o(.ARM.Collect$$libinit$$00000035)
    __rt_lib_init_signal_1                   0x000007ab   Thumb Code     0  libinit2.o(.ARM.Collect$$libinit$$0000001F)
    __rt_lib_init_stdio_1                    0x000007ab   Thumb Code     0  libinit2.o(.ARM.Collect$$libinit$$00000027)
    __rt_lib_shutdown                        0x000007ad   Thumb Code     0  libshutdown.o(.ARM.Collect$$libshutdown$$00000000)
    __rt_lib_shutdown_cpp_1                  0x000007af   Thumb Code     0  libshutdown2.o(.ARM.Collect$$libshutdown$$00000002)
    __rt_lib_shutdown_fp_trap_1              0x000007af   Thumb Code     0  libshutdown2.o(.ARM.Collect$$libshutdown$$00000007)
    __rt_lib_shutdown_heap_1                 0x000007af   Thumb Code     0  libshutdown2.o(.ARM.Collect$$libshutdown$$0000000F)
    __rt_lib_shutdown_return                 0x000007af   Thumb Code     0  libshutdown2.o(.ARM.Collect$$libshutdown$$00000010)
    __rt_lib_shutdown_signal_1               0x000007af   Thumb Code     0  libshutdown2.o(.ARM.Collect$$libshutdown$$0000000A)
    __rt_lib_shutdown_stdio_1                0x000007af   Thumb Code     0  libshutdown2.o(.ARM.Collect$$libshutdown$$00000004)
    __rt_lib_shutdown_user_alloc_1           0x000007af   Thumb Code     0  libshutdown2.o(.ARM.Collect$$libshutdown$$0000000C)
    __rt_entry                               0x000007b1   Thumb Code     0  __rtentry.o(.ARM.Collect$$rtentry$$00000000)
    __rt_entry_presh_1                       0x000007b1   Thumb Code     0  __rtentry2.o(.ARM.Collect$$rtentry$$00000002)
    __rt_entry_sh                            0x000007b1   Thumb Code     0  __rtentry7.o(.ARM.Collect$$rtentry$$00000007)
    __rt_entry_li                            0x000007b5   Thumb Code     0  __rtentry2.o(.ARM.Collect$$rtentry$$0000000A)
    __rt_entry_postsh_1                      0x000007b5   Thumb Code     0  __rtentry2.o(.ARM.Collect$$rtentry$$00000009)
    __rt_entry_main                          0x000007b9   Thumb Code     0  __rtentry2.o(.ARM.Collect$$rtentry$$0000000D)
    __rt_entry_postli_1                      0x000007b9   Thumb Code     0  __rtentry2.o(.ARM.Collect$$rtentry$$0000000C)
    __rt_exit                                0x000007c5   Thumb Code     0  rtexit.o(.ARM.Collect$$rtexit$$00000000)
    __rt_exit_ls                             0x000007c7   Thumb Code     0  rtexit2.o(.ARM.Collect$$rtexit$$00000003)
    __rt_exit_prels_1                        0x000007c7   Thumb Code     0  rtexit2.o(.ARM.Collect$$rtexit$$00000002)
    __rt_exit_exit                           0x000007cb   Thumb Code     0  rtexit2.o(.ARM.Collect$$rtexit$$00000004)
    __RAM_VECTOR_TABLE_SIZE                  0x000007d0   Data           4  startup_s32k144.o(.text)
    __VECTOR_RAM                             0x000007d4   Data           4  startup_s32k144.o(.text)
    __VECTOR_ROM                             0x000007d8   Data           4  startup_s32k144.o(.text)
    __VECTOR_ROM_START                       0x000007dc   Data           4  startup_s32k144.o(.text)
    __VECTOR_ROM_END                         0x000007e0   Data           4  startup_s32k144.o(.text)
    __CODE_ROM                               0x000007e4   Data           4  startup_s32k144.o(.text)
    __CODE_END                               0x000007e8   Data           4  startup_s32k144.o(.text)
    __CODE_RAM                               0x000007ec   Data           4  startup_s32k144.o(.text)
    __CODE_RAM_START                         0x000007f0   Data           4  startup_s32k144.o(.text)
    __CODE_RAM_END                           0x000007f4   Data           4  startup_s32k144.o(.text)
    __BSS_START                              0x000007f8   Data           4  startup_s32k144.o(.text)
    __BSS_END                                0x000007fc   Data           4  startup_s32k144.o(.text)
    __DATA_RAM                               0x00000800   Data           4  startup_s32k144.o(.text)
    __DATA_RAM_START                         0x00000804   Data           4  startup_s32k144.o(.text)
    __DATA_RAM_END                           0x00000808   Data           4  startup_s32k144.o(.text)
    __DATA_ROM                               0x0000080c   Data           4  startup_s32k144.o(.text)
    __DATA_END                               0x00000810   Data           4  startup_s32k144.o(.text)
    __CUSTOM_SECTION_START                   0x00000814   Data           4  startup_s32k144.o(.text)
    __CUSTOM_SECTION_END                     0x00000818   Data           4  startup_s32k144.o(.text)
    __RAM_START                              0x0000081c   Data           4  startup_s32k144.o(.text)
    __RAM_END                                0x00000820   Data           4  startup_s32k144.o(.text)
    Reset_Handler                            0x00000825   Thumb Code    28  startup_s32k144.o(.text)
    NMI_Handler                              0x00000841   Thumb Code     2  startup_s32k144.o(.text)
    HardFault_Handler                        0x00000843   Thumb Code     2  startup_s32k144.o(.text)
    MemManage_Handler                        0x00000845   Thumb Code     2  startup_s32k144.o(.text)
    BusFault_Handler                         0x00000847   Thumb Code     2  startup_s32k144.o(.text)
    UsageFault_Handler                       0x00000849   Thumb Code     2  startup_s32k144.o(.text)
    SVC_Handler                              0x0000084b   Thumb Code     2  startup_s32k144.o(.text)
    DebugMon_Handler                         0x0000084d   Thumb Code     2  startup_s32k144.o(.text)
    PendSV_Handler                           0x0000084f   Thumb Code     2  startup_s32k144.o(.text)
    DefaultISR                               0x00000853   Thumb Code     2  startup_s32k144.o(.text)
    ADC0_IRQHandler                          0x00000855   Thumb Code     0  startup_s32k144.o(.text)
    ADC1_IRQHandler                          0x00000855   Thumb Code     0  startup_s32k144.o(.text)
    CAN0_Error_IRQHandler                    0x00000855   Thumb Code     0  startup_s32k144.o(.text)
    CAN0_ORed_0_15_MB_IRQHandler             0x00000855   Thumb Code     0  startup_s32k144.o(.text)
    CAN0_ORed_16_31_MB_IRQHandler            0x00000855   Thumb Code     0  startup_s32k144.o(.text)
    CAN0_ORed_IRQHandler                     0x00000855   Thumb Code     0  startup_s32k144.o(.text)
    CAN0_Wake_Up_IRQHandler                  0x00000855   Thumb Code     0  startup_s32k144.o(.text)
    CAN1_Error_IRQHandler                    0x00000855   Thumb Code     0  startup_s32k144.o(.text)
    CAN1_ORed_0_15_MB_IRQHandler             0x00000855   Thumb Code     0  startup_s32k144.o(.text)
    CAN1_ORed_IRQHandler                     0x00000855   Thumb Code     0  startup_s32k144.o(.text)
    CAN2_Error_IRQHandler                    0x00000855   Thumb Code     0  startup_s32k144.o(.text)
    CAN2_ORed_0_15_MB_IRQHandler             0x00000855   Thumb Code     0  startup_s32k144.o(.text)
    CAN2_ORed_IRQHandler                     0x00000855   Thumb Code     0  startup_s32k144.o(.text)
    CMP0_IRQHandler                          0x00000855   Thumb Code     0  startup_s32k144.o(.text)
    DMA0_IRQHandler                          0x00000855   Thumb Code     0  startup_s32k144.o(.text)
    DMA10_IRQHandler                         0x00000855   Thumb Code     0  startup_s32k144.o(.text)
    DMA11_IRQHandler                         0x00000855   Thumb Code     0  startup_s32k144.o(.text)
    DMA12_IRQHandler                         0x00000855   Thumb Code     0  startup_s32k144.o(.text)
    DMA13_IRQHandler                         0x00000855   Thumb Code     0  startup_s32k144.o(.text)
    DMA14_IRQHandler                         0x00000855   Thumb Code     0  startup_s32k144.o(.text)
    DMA15_IRQHandler                         0x00000855   Thumb Code     0  startup_s32k144.o(.text)
    DMA1_IRQHandler                          0x00000855   Thumb Code     0  startup_s32k144.o(.text)
    DMA2_IRQHandler                          0x00000855   Thumb Code     0  startup_s32k144.o(.text)
    DMA3_IRQHandler                          0x00000855   Thumb Code     0  startup_s32k144.o(.text)
    DMA4_IRQHandler                          0x00000855   Thumb Code     0  startup_s32k144.o(.text)
    DMA5_IRQHandler                          0x00000855   Thumb Code     0  startup_s32k144.o(.text)
    DMA6_IRQHandler                          0x00000855   Thumb Code     0  startup_s32k144.o(.text)
    DMA7_IRQHandler                          0x00000855   Thumb Code     0  startup_s32k144.o(.text)
    DMA8_IRQHandler                          0x00000855   Thumb Code     0  startup_s32k144.o(.text)
    DMA9_IRQHandler                          0x00000855   Thumb Code     0  startup_s32k144.o(.text)
    DMA_Error_IRQHandler                     0x00000855   Thumb Code     0  startup_s32k144.o(.text)
    ERM_double_fault_IRQHandler              0x00000855   Thumb Code     0  startup_s32k144.o(.text)
    ERM_single_fault_IRQHandler              0x00000855   Thumb Code     0  startup_s32k144.o(.text)
    FLEXIO_IRQHandler                        0x00000855   Thumb Code     0  startup_s32k144.o(.text)
    FTFC_Fault_IRQHandler                    0x00000855   Thumb Code     0  startup_s32k144.o(.text)
    FTFC_IRQHandler                          0x00000855   Thumb Code     0  startup_s32k144.o(.text)
    FTM0_Ch0_Ch1_IRQHandler                  0x00000855   Thumb Code     0  startup_s32k144.o(.text)
    FTM0_Ch2_Ch3_IRQHandler                  0x00000855   Thumb Code     0  startup_s32k144.o(.text)
    FTM0_Ch4_Ch5_IRQHandler                  0x00000855   Thumb Code     0  startup_s32k144.o(.text)
    FTM0_Ch6_Ch7_IRQHandler                  0x00000855   Thumb Code     0  startup_s32k144.o(.text)
    FTM0_Fault_IRQHandler                    0x00000855   Thumb Code     0  startup_s32k144.o(.text)
    FTM0_Ovf_Reload_IRQHandler               0x00000855   Thumb Code     0  startup_s32k144.o(.text)
    FTM1_Ch0_Ch1_IRQHandler                  0x00000855   Thumb Code     0  startup_s32k144.o(.text)
    FTM1_Ch2_Ch3_IRQHandler                  0x00000855   Thumb Code     0  startup_s32k144.o(.text)
    FTM1_Ch4_Ch5_IRQHandler                  0x00000855   Thumb Code     0  startup_s32k144.o(.text)
    FTM1_Ch6_Ch7_IRQHandler                  0x00000855   Thumb Code     0  startup_s32k144.o(.text)
    FTM1_Fault_IRQHandler                    0x00000855   Thumb Code     0  startup_s32k144.o(.text)
    FTM1_Ovf_Reload_IRQHandler               0x00000855   Thumb Code     0  startup_s32k144.o(.text)
    FTM2_Ch0_Ch1_IRQHandler                  0x00000855   Thumb Code     0  startup_s32k144.o(.text)
    FTM2_Ch2_Ch3_IRQHandler                  0x00000855   Thumb Code     0  startup_s32k144.o(.text)
    FTM2_Ch4_Ch5_IRQHandler                  0x00000855   Thumb Code     0  startup_s32k144.o(.text)
    FTM2_Ch6_Ch7_IRQHandler                  0x00000855   Thumb Code     0  startup_s32k144.o(.text)
    FTM2_Fault_IRQHandler                    0x00000855   Thumb Code     0  startup_s32k144.o(.text)
    FTM2_Ovf_Reload_IRQHandler               0x00000855   Thumb Code     0  startup_s32k144.o(.text)
    FTM3_Ch0_Ch1_IRQHandler                  0x00000855   Thumb Code     0  startup_s32k144.o(.text)
    FTM3_Ch2_Ch3_IRQHandler                  0x00000855   Thumb Code     0  startup_s32k144.o(.text)
    FTM3_Ch4_Ch5_IRQHandler                  0x00000855   Thumb Code     0  startup_s32k144.o(.text)
    FTM3_Ch6_Ch7_IRQHandler                  0x00000855   Thumb Code     0  startup_s32k144.o(.text)
    FTM3_Fault_IRQHandler                    0x00000855   Thumb Code     0  startup_s32k144.o(.text)
    FTM3_Ovf_Reload_IRQHandler               0x00000855   Thumb Code     0  startup_s32k144.o(.text)
    LPI2C0_Master_IRQHandler                 0x00000855   Thumb Code     0  startup_s32k144.o(.text)
    LPI2C0_Slave_IRQHandler                  0x00000855   Thumb Code     0  startup_s32k144.o(.text)
    LPIT0_Ch0_IRQHandler                     0x00000855   Thumb Code     0  startup_s32k144.o(.text)
    LPIT0_Ch1_IRQHandler                     0x00000855   Thumb Code     0  startup_s32k144.o(.text)
    LPIT0_Ch2_IRQHandler                     0x00000855   Thumb Code     0  startup_s32k144.o(.text)
    LPIT0_Ch3_IRQHandler                     0x00000855   Thumb Code     0  startup_s32k144.o(.text)
    LPSPI0_IRQHandler                        0x00000855   Thumb Code     0  startup_s32k144.o(.text)
    LPSPI2_IRQHandler                        0x00000855   Thumb Code     0  startup_s32k144.o(.text)
    LPTMR0_IRQHandler                        0x00000855   Thumb Code     0  startup_s32k144.o(.text)
    LPUART0_RxTx_IRQHandler                  0x00000855   Thumb Code     0  startup_s32k144.o(.text)
    LPUART2_RxTx_IRQHandler                  0x00000855   Thumb Code     0  startup_s32k144.o(.text)
    LVD_LVW_IRQHandler                       0x00000855   Thumb Code     0  startup_s32k144.o(.text)
    MCM_IRQHandler                           0x00000855   Thumb Code     0  startup_s32k144.o(.text)
    PDB0_IRQHandler                          0x00000855   Thumb Code     0  startup_s32k144.o(.text)
    PDB1_IRQHandler                          0x00000855   Thumb Code     0  startup_s32k144.o(.text)
    PORTA_IRQHandler                         0x00000855   Thumb Code     0  startup_s32k144.o(.text)
    PORTB_IRQHandler                         0x00000855   Thumb Code     0  startup_s32k144.o(.text)
    PORTD_IRQHandler                         0x00000855   Thumb Code     0  startup_s32k144.o(.text)
    PORTE_IRQHandler                         0x00000855   Thumb Code     0  startup_s32k144.o(.text)
    RCM_IRQHandler                           0x00000855   Thumb Code     0  startup_s32k144.o(.text)
    RTC_IRQHandler                           0x00000855   Thumb Code     0  startup_s32k144.o(.text)
    RTC_Seconds_IRQHandler                   0x00000855   Thumb Code     0  startup_s32k144.o(.text)
    Read_Collision_IRQHandler                0x00000855   Thumb Code     0  startup_s32k144.o(.text)
    Reserved100_IRQHandler                   0x00000855   Thumb Code     0  startup_s32k144.o(.text)
    Reserved103_IRQHandler                   0x00000855   Thumb Code     0  startup_s32k144.o(.text)
    Reserved105_IRQHandler                   0x00000855   Thumb Code     0  startup_s32k144.o(.text)
    Reserved106_IRQHandler                   0x00000855   Thumb Code     0  startup_s32k144.o(.text)
    Reserved107_IRQHandler                   0x00000855   Thumb Code     0  startup_s32k144.o(.text)
    Reserved110_IRQHandler                   0x00000855   Thumb Code     0  startup_s32k144.o(.text)
    Reserved112_IRQHandler                   0x00000855   Thumb Code     0  startup_s32k144.o(.text)
    Reserved113_IRQHandler                   0x00000855   Thumb Code     0  startup_s32k144.o(.text)
    Reserved114_IRQHandler                   0x00000855   Thumb Code     0  startup_s32k144.o(.text)
    Reserved45_IRQHandler                    0x00000855   Thumb Code     0  startup_s32k144.o(.text)
    Reserved46_IRQHandler                    0x00000855   Thumb Code     0  startup_s32k144.o(.text)
    Reserved48_IRQHandler                    0x00000855   Thumb Code     0  startup_s32k144.o(.text)
    Reserved50_IRQHandler                    0x00000855   Thumb Code     0  startup_s32k144.o(.text)
    Reserved52_IRQHandler                    0x00000855   Thumb Code     0  startup_s32k144.o(.text)
    Reserved53_IRQHandler                    0x00000855   Thumb Code     0  startup_s32k144.o(.text)
    Reserved54_IRQHandler                    0x00000855   Thumb Code     0  startup_s32k144.o(.text)
    Reserved58_IRQHandler                    0x00000855   Thumb Code     0  startup_s32k144.o(.text)
    Reserved59_IRQHandler                    0x00000855   Thumb Code     0  startup_s32k144.o(.text)
    Reserved69_IRQHandler                    0x00000855   Thumb Code     0  startup_s32k144.o(.text)
    Reserved70_IRQHandler                    0x00000855   Thumb Code     0  startup_s32k144.o(.text)
    Reserved71_IRQHandler                    0x00000855   Thumb Code     0  startup_s32k144.o(.text)
    Reserved72_IRQHandler                    0x00000855   Thumb Code     0  startup_s32k144.o(.text)
    Reserved81_IRQHandler                    0x00000855   Thumb Code     0  startup_s32k144.o(.text)
    Reserved82_IRQHandler                    0x00000855   Thumb Code     0  startup_s32k144.o(.text)
    Reserved83_IRQHandler                    0x00000855   Thumb Code     0  startup_s32k144.o(.text)
    Reserved86_IRQHandler                    0x00000855   Thumb Code     0  startup_s32k144.o(.text)
    Reserved87_IRQHandler                    0x00000855   Thumb Code     0  startup_s32k144.o(.text)
    Reserved88_IRQHandler                    0x00000855   Thumb Code     0  startup_s32k144.o(.text)
    Reserved89_IRQHandler                    0x00000855   Thumb Code     0  startup_s32k144.o(.text)
    Reserved90_IRQHandler                    0x00000855   Thumb Code     0  startup_s32k144.o(.text)
    Reserved91_IRQHandler                    0x00000855   Thumb Code     0  startup_s32k144.o(.text)
    Reserved92_IRQHandler                    0x00000855   Thumb Code     0  startup_s32k144.o(.text)
    Reserved93_IRQHandler                    0x00000855   Thumb Code     0  startup_s32k144.o(.text)
    Reserved99_IRQHandler                    0x00000855   Thumb Code     0  startup_s32k144.o(.text)
    SCG_IRQHandler                           0x00000855   Thumb Code     0  startup_s32k144.o(.text)
    SWI_IRQHandler                           0x00000855   Thumb Code     0  startup_s32k144.o(.text)
    WDOG_EWM_IRQHandler                      0x00000855   Thumb Code     0  startup_s32k144.o(.text)
    sprintf                                  0x0000086d   Thumb Code    38  sprintf.o(.text)
    atoi                                     0x00000899   Thumb Code    26  atoi.o(.text)
    strtok                                   0x000008b5   Thumb Code     6  strtok.o(.text)
    __aeabi_errno_addr                       0x000008c1   Thumb Code     8  rt_errno_addr_intlibspace.o(.text)
    __errno$intlibspace                      0x000008c1   Thumb Code     0  rt_errno_addr_intlibspace.o(.text)
    __rt_errno_addr$intlibspace              0x000008c1   Thumb Code     0  rt_errno_addr_intlibspace.o(.text)
    _printf_pre_padding                      0x000008c9   Thumb Code    44  _printf_pad.o(.text)
    _printf_post_padding                     0x000008f5   Thumb Code    34  _printf_pad.o(.text)
    _printf_truncate_signed                  0x00000917   Thumb Code    18  _printf_truncate.o(.text)
    _printf_truncate_unsigned                0x00000929   Thumb Code    18  _printf_truncate.o(.text)
    _printf_str                              0x0000093b   Thumb Code    82  _printf_str.o(.text)
    _printf_int_dec                          0x0000098d   Thumb Code   104  _printf_dec.o(.text)
    _printf_charcount                        0x00000a05   Thumb Code    40  _printf_charcount.o(.text)
    _printf_char_common                      0x00000a37   Thumb Code    32  _printf_char_common.o(.text)
    _sputc                                   0x00000a5d   Thumb Code    10  _sputc.o(.text)
    _printf_wctomb                           0x00000a69   Thumb Code   182  _printf_wctomb.o(.text)
    _printf_longlong_dec                     0x00000b25   Thumb Code   108  _printf_longlong_dec.o(.text)
    _printf_longlong_oct                     0x00000ba1   Thumb Code    68  _printf_oct_int_ll.o(.text)
    _printf_int_oct                          0x00000be5   Thumb Code    24  _printf_oct_int_ll.o(.text)
    _printf_ll_oct                           0x00000bfd   Thumb Code    12  _printf_oct_int_ll.o(.text)
    _printf_longlong_hex                     0x00000c11   Thumb Code    86  _printf_hex_int_ll_ptr.o(.text)
    _printf_int_hex                          0x00000c67   Thumb Code    28  _printf_hex_int_ll_ptr.o(.text)
    _printf_ll_hex                           0x00000c83   Thumb Code    12  _printf_hex_int_ll_ptr.o(.text)
    _printf_hex_ptr                          0x00000c8f   Thumb Code    18  _printf_hex_int_ll_ptr.o(.text)
    __printf                                 0x00000ca5   Thumb Code   388  __printf_flags_ss_wp.o(.text)
    strtol                                   0x00000e2d   Thumb Code   112  strtol.o(.text)
    __strtok_internal                        0x00000e9d   Thumb Code    64  strtok_int.o(.text)
    __rt_ctype_table                         0x00000ee1   Thumb Code    16  rt_ctype_table.o(.text)
    _ll_udiv10                               0x00000ef1   Thumb Code   138  lludiv10.o(.text)
    _printf_int_common                       0x00000f7b   Thumb Code   178  _printf_intcommon.o(.text)
    _printf_fp_dec_real                      0x000011dd   Thumb Code   620  _printf_fp_dec.o(.text)
    _printf_fp_hex_real                      0x00001449   Thumb Code   756  _printf_fp_hex.o(.text)
    _printf_cs_common                        0x00001745   Thumb Code    20  _printf_char.o(.text)
    _printf_char                             0x00001759   Thumb Code    16  _printf_char.o(.text)
    _printf_string                           0x00001769   Thumb Code     8  _printf_char.o(.text)
    _printf_lcs_common                       0x00001771   Thumb Code    20  _printf_wchar.o(.text)
    _printf_wchar                            0x00001785   Thumb Code    16  _printf_wchar.o(.text)
    _printf_wstring                          0x00001795   Thumb Code     8  _printf_wchar.o(.text)
    _strtoul                                 0x0000179d   Thumb Code   158  _strtoul.o(.text)
    _c16rtomb                                0x0000183b   Thumb Code    72  _c16rtomb.o(.text)
    _wcrtomb                                 0x0000183b   Thumb Code     0  _c16rtomb.o(.text)
    strcspn                                  0x00001883   Thumb Code    32  strcspn.o(.text)
    strspn                                   0x000018a3   Thumb Code    28  strspn.o(.text)
    __rt_locale                              0x000018c1   Thumb Code     8  rt_locale_intlibspace.o(.text)
    _printf_fp_infnan                        0x000018c9   Thumb Code   112  _printf_fp_infnan.o(.text)
    _chval                                   0x00001949   Thumb Code    28  _chval.o(.text)
    _btod_etento                             0x00001965   Thumb Code   224  bigflt0.o(.text)
    exit                                     0x00001a49   Thumb Code    18  exit.o(.text)
    strcmp                                   0x00001a61   Thumb Code   124  strcmpv7em.o(.text)
    __I$use$semihosting                      0x00001add   Thumb Code     0  use_no_semi.o(.text)
    __use_no_semihosting_swi                 0x00001add   Thumb Code     2  use_no_semi.o(.text)
    __semihosting_library_function           0x00001adf   Thumb Code     0  indicate_semi.o(.text)
    _sys_exit                                0x00001ae1   Thumb Code     8  sys_exit.o(.text)
    LPSPI1_IRQHandler                        0x00001aed   Thumb Code   112  main.o(.text.LPSPI1_IRQHandler)
    LPUART1_RxTx_IRQHandler                  0x00001b5d   Thumb Code   220  main.o(.text.LPUART1_RxTx_IRQHandler)
    PORTC_IRQHandler                         0x00001c39   Thumb Code    32  main.o(.text.PORTC_IRQHandler)
    PTC_PORT_INTERRUPT                       0x00001c59   Thumb Code    64  cortex_m4.o(.text.PTC_PORT_INTERRUPT)
    SysTick_Handler                          0x00001c99   Thumb Code    16  main.o(.text.SysTick_Handler)
    SystemInit                               0x00001ca9   Thumb Code    82  system_s32k144.o(.text.SystemInit)
    button0_process                          0x00001cfd   Thumb Code    38  main.o(.text.button0_process)
    button1_process                          0x00001d25   Thumb Code    90  main.o(.text.button1_process)
    flash_launch_command                     0x00001d81   Thumb Code    36  mem.o(.text.flash_launch_command)
    flash_ready                              0x00001da5   Thumb Code    86  mem.o(.text.flash_ready)
    flexram_normal_eeprom                    0x00001dfd   Thumb Code    50  mem.o(.text.flexram_normal_eeprom)
    get_time_month                           0x00001e31   Thumb Code   170  main.o(.text.get_time_month)
    gpio_init                                0x00001edd   Thumb Code   336  gpio_address.o(.text.gpio_init)
    init_data_bss                            0x0000202d   Thumb Code   160  startup.o(.text.init_data_bss)
    lpspi1_init_master                       0x000020cd   Thumb Code   180  lpspi.o(.text.lpspi1_init_master)
    lpspi1_transmit_start                    0x00002181   Thumb Code    18  lpspi.o(.text.lpspi1_transmit_start)
    lpuart1_transmit_start                   0x00002195   Thumb Code    18  lpuart.o(.text.lpuart1_transmit_start)
    lpuartn_init                             0x000021a9   Thumb Code   358  lpuart.o(.text.lpuartn_init)
    main                                     0x00002311   Thumb Code  1692  main.o(.text.main)
    nvic_init                                0x000029ad   Thumb Code   142  cortex_m4.o(.text.nvic_init)
    program_partition_command                0x00002a3d   Thumb Code    68  mem.o(.text.program_partition_command)
    rccr_normal_run_init                     0x00002a81   Thumb Code   136  scg_config.o(.text.rccr_normal_run_init)
    readEEPROM                               0x00002b09   Thumb Code    36  mem.o(.text.readEEPROM)
    set_date                                 0x00002b2d   Thumb Code   272  main.o(.text.set_date)
    set_time                                 0x00002c3d   Thumb Code   196  main.o(.text.set_time)
    sosc_8mhz_init                           0x00002d01   Thumb Code   134  scg_config.o(.text.sosc_8mhz_init)
    sys_tick_init                            0x00002d89   Thumb Code    72  cortex_m4.o(.text.sys_tick_init)
    sys_tick_load_value                      0x00002dd1   Thumb Code    38  cortex_m4.o(.text.sys_tick_load_value)
    writeEEPROM                              0x00002df9   Thumb Code    36  mem.o(.text.writeEEPROM)
    _btod_d2e                                0x00002e1d   Thumb Code    62  btod.o(CL$$btod_d2e)
    _d2e_denorm_low                          0x00002e5b   Thumb Code    70  btod.o(CL$$btod_d2e_denorm_low)
    _d2e_norm_op1                            0x00002ea1   Thumb Code    96  btod.o(CL$$btod_d2e_norm_op1)
    __btod_div_common                        0x00002f01   Thumb Code   696  btod.o(CL$$btod_div_common)
    _e2e                                     0x00003239   Thumb Code   220  btod.o(CL$$btod_e2e)
    _btod_ediv                               0x00003315   Thumb Code    42  btod.o(CL$$btod_ediv)
    _btod_emul                               0x0000333f   Thumb Code    42  btod.o(CL$$btod_emul)
    __btod_mult_common                       0x00003369   Thumb Code   580  btod.o(CL$$btod_mult_common)
    __ARM_fpclassify                         0x000035ad   Thumb Code    48  fpclassify.o(i.__ARM_fpclassify)
    _is_digit                                0x000035dd   Thumb Code    14  __printf_wp.o(i._is_digit)
    _get_lc_ctype                            0x000035ed   Thumb Code    44  lc_ctype_c.o(locale$$code)
    _get_lc_numeric                          0x00003619   Thumb Code    44  lc_numeric_c.o(locale$$code)
    _fp_init                                 0x00003645   Thumb Code    26  fpinit.o(x$fpl$fpinit)
    __fplib_config_fpu_vfp                   0x0000365d   Thumb Code     0  fpinit.o(x$fpl$fpinit)
    __fplib_config_pureend_doubles           0x0000365d   Thumb Code     0  fpinit.o(x$fpl$fpinit)
    _printf_fp_dec                           0x0000365f   Thumb Code     4  printf1.o(x$fpl$printf1)
    _printf_fp_hex                           0x00003663   Thumb Code     4  printf2.o(x$fpl$printf2)
    __I$use$fp                               0x00003666   Number         0  usenofp.o(x$fpl$usenofp)
    Region$$Table$$Base                      0x00003668   Number         0  anon$$obj.o(Region$$Table)
    Image$$ER_m_text$$Limit                  0x00003688   Number         0  anon$$obj.o ABSOLUTE
    Region$$Table$$Limit                     0x00003688   Number         0  anon$$obj.o(Region$$Table)
    Image$$VECTOR_RAM$$Base                  0x1fff8000   Number         0  anon$$obj.o ABSOLUTE
    Image$$RW_m_data$$Base                   0x1fff8400   Number         0  anon$$obj.o ABSOLUTE
    ledStat                                  0x1fff8404   Data           1  main.o(.data.ledStat)
    Image$$RW_m_code$$Base                   0x1fff8408   Number         0  anon$$obj.o ABSOLUTE
    Image$$RW_m_code$$Limit                  0x1fff8408   Number         0  anon$$obj.o ABSOLUTE
    Image$$RW_m_data$$Limit                  0x1fff8408   Number         0  anon$$obj.o ABSOLUTE
    Image$$RW_m_custom_section$$Base         0x20000000   Number         0  anon$$obj.o ABSOLUTE
    Image$$RW_m_custom_section$$Limit        0x20000000   Number         0  anon$$obj.o ABSOLUTE
    Image$$RW_m_data_2$$ZI$$Base             0x20000000   Number         0  anon$$obj.o ABSOLUTE
    __libspace_start                         0x20000000   Data          96  libspace.o(.bss)
    __temporary_stack_top$libspace           0x20000060   Data           0  libspace.o(.bss)
    date                                     0x20000060   Data           6  main.o(.bss.date)
    mainFlag                                 0x20000066   Data           1  main.o(.bss.mainFlag)
    spi                                      0x20000068   Data          82  main.o(.bss.spi)
    time                                     0x200000ba   Data           4  main.o(.bss.time)
    uart                                     0x200000be   Data          82  main.o(.bss.uart)
    Image$$ARM_LIB_HEAP$$ZI$$Base            0x20000110   Number         0  anon$$obj.o ABSOLUTE
    Image$$RW_m_data_2$$ZI$$Limit            0x20000110   Number         0  anon$$obj.o ABSOLUTE
    Image$$ARM_LIB_HEAP$$ZI$$Limit           0x20000510   Number         0  anon$$obj.o ABSOLUTE
    Image$$ARM_LIB_STACK$$Limit              0x20006c00   Number         0  anon$$obj.o ABSOLUTE
    Image$$ARM_LIB_STACK$$ZI$$Limit          0x20007000   Number         0  anon$$obj.o ABSOLUTE



==============================================================================

Memory Map of the image

  Image Entry point : 0x00000659

  Load Region LR_m_text (Base: 0x00000000, Size: 0x00003690, Max: 0x00080000, ABSOLUTE)

    Execution Region VECTOR_ROM (Exec base: 0x00000000, Load base: 0x00000000, Size: 0x00000230, Max: 0x00000400, ABSOLUTE)

    Exec Addr    Load Addr    Size         Type   Attr      Idx    E Section Name        Object

    0x00000000   0x00000000   0x00000230   Data   RO          224    RESET               startup_s32k144.o


    Execution Region ER_m_flash_config (Exec base: 0x00000400, Load base: 0x00000400, Size: 0x00000010, Max: 0x00000010, ABSOLUTE, FIXED)

    Exec Addr    Load Addr    Size         Type   Attr      Idx    E Section Name        Object

    0x00000400   0x00000400   0x00000010   Data   RO          225    FlashConfig         startup_s32k144.o


    Execution Region ER_m_text_const (Exec base: 0x00000410, Load base: 0x00000410, Size: 0x00000244, Max: 0xffffffff, ABSOLUTE)

    Exec Addr    Load Addr    Size         Type   Attr      Idx    E Section Name        Object

    0x00000410   0x00000410   0x00000008   Data   RO          280    .constdata          c_w.l(_printf_wctomb.o)
    0x00000418   0x00000418   0x00000028   Data   RO          309    .constdata          c_w.l(_printf_hex_int_ll_ptr.o)
    0x00000440   0x00000440   0x00000011   Data   RO          329    .constdata          c_w.l(__printf_flags_ss_wp.o)
    0x00000451   0x00000451   0x00000026   Data   RO          400    .constdata          c_w.l(_printf_fp_hex.o)
    0x00000477   0x00000477   0x00000001   PAD
    0x00000478   0x00000478   0x00000094   Data   RO          429    .constdata          c_w.l(bigflt0.o)
    0x0000050c   0x0000050c   0x00000004   Data   RO          217    .rodata.s_vectors   startup.o
    0x00000510   0x00000510   0x00000015   Data   RO          159    .rodata.str1.1      main.o
    0x00000525   0x00000525   0x00000003   PAD
    0x00000528   0x00000528   0x00000110   Data   RO          455    locale$$data        c_w.l(lc_ctype_c.o)
    0x00000638   0x00000638   0x0000001c   Data   RO          458    locale$$data        c_w.l(lc_numeric_c.o)


    Execution Region ER_m_text (Exec base: 0x00000658, Load base: 0x00000658, Size: 0x00003030, Max: 0x0007fbf0, ABSOLUTE)

    Exec Addr    Load Addr    Size         Type   Attr      Idx    E Section Name        Object

    0x00000658   0x00000658   0x00000008   Code   RO          255  * !!!main             c_w.l(__main.o)
    0x00000660   0x00000660   0x0000005c   Code   RO          622    !!!scatter          c_w.l(__scatter.o)
    0x000006bc   0x000006bc   0x0000001a   Code   RO          626    !!handler_copy      c_w.l(__scatter_copy.o)
    0x000006d6   0x000006d6   0x00000002   PAD
    0x000006d8   0x000006d8   0x00000002   Code   RO          623    !!handler_null      c_w.l(__scatter.o)
    0x000006da   0x000006da   0x00000002   PAD
    0x000006dc   0x000006dc   0x0000001c   Code   RO          628    !!handler_zi        c_w.l(__scatter_zi.o)
    0x000006f8   0x000006f8   0x00000000   Code   RO          344    .ARM.Collect$$_printf_percent$$00000000  c_w.l(_printf_percent.o)
    0x000006f8   0x000006f8   0x00000006   Code   RO          333    .ARM.Collect$$_printf_percent$$00000001  c_w.l(_printf_n.o)
    0x000006fe   0x000006fe   0x00000006   Code   RO          335    .ARM.Collect$$_printf_percent$$00000002  c_w.l(_printf_p.o)
    0x00000704   0x00000704   0x00000006   Code   RO          340    .ARM.Collect$$_printf_percent$$00000003  c_w.l(_printf_f.o)
    0x0000070a   0x0000070a   0x00000006   Code   RO          341    .ARM.Collect$$_printf_percent$$00000004  c_w.l(_printf_e.o)
    0x00000710   0x00000710   0x00000006   Code   RO          342    .ARM.Collect$$_printf_percent$$00000005  c_w.l(_printf_g.o)
    0x00000716   0x00000716   0x00000006   Code   RO          343    .ARM.Collect$$_printf_percent$$00000006  c_w.l(_printf_a.o)
    0x0000071c   0x0000071c   0x0000000a   Code   RO          348    .ARM.Collect$$_printf_percent$$00000007  c_w.l(_printf_ll.o)
    0x00000726   0x00000726   0x00000006   Code   RO          337    .ARM.Collect$$_printf_percent$$00000008  c_w.l(_printf_i.o)
    0x0000072c   0x0000072c   0x00000006   Code   RO          338    .ARM.Collect$$_printf_percent$$00000009  c_w.l(_printf_d.o)
    0x00000732   0x00000732   0x00000006   Code   RO          339    .ARM.Collect$$_printf_percent$$0000000A  c_w.l(_printf_u.o)
    0x00000738   0x00000738   0x00000006   Code   RO          336    .ARM.Collect$$_printf_percent$$0000000B  c_w.l(_printf_o.o)
    0x0000073e   0x0000073e   0x00000006   Code   RO          334    .ARM.Collect$$_printf_percent$$0000000C  c_w.l(_printf_x.o)
    0x00000744   0x00000744   0x00000006   Code   RO          345    .ARM.Collect$$_printf_percent$$0000000D  c_w.l(_printf_lli.o)
    0x0000074a   0x0000074a   0x00000006   Code   RO          346    .ARM.Collect$$_printf_percent$$0000000E  c_w.l(_printf_lld.o)
    0x00000750   0x00000750   0x00000006   Code   RO          347    .ARM.Collect$$_printf_percent$$0000000F  c_w.l(_printf_llu.o)
    0x00000756   0x00000756   0x00000006   Code   RO          352    .ARM.Collect$$_printf_percent$$00000010  c_w.l(_printf_llo.o)
    0x0000075c   0x0000075c   0x00000006   Code   RO          353    .ARM.Collect$$_printf_percent$$00000011  c_w.l(_printf_llx.o)
    0x00000762   0x00000762   0x0000000a   Code   RO          349    .ARM.Collect$$_printf_percent$$00000012  c_w.l(_printf_l.o)
    0x0000076c   0x0000076c   0x00000006   Code   RO          331    .ARM.Collect$$_printf_percent$$00000013  c_w.l(_printf_c.o)
    0x00000772   0x00000772   0x00000006   Code   RO          332    .ARM.Collect$$_printf_percent$$00000014  c_w.l(_printf_s.o)
    0x00000778   0x00000778   0x00000006   Code   RO          350    .ARM.Collect$$_printf_percent$$00000015  c_w.l(_printf_lc.o)
    0x0000077e   0x0000077e   0x00000006   Code   RO          351    .ARM.Collect$$_printf_percent$$00000016  c_w.l(_printf_ls.o)
    0x00000784   0x00000784   0x00000004   Code   RO          408    .ARM.Collect$$_printf_percent$$00000017  c_w.l(_printf_percent_end.o)
    0x00000788   0x00000788   0x00000002   Code   RO          468    .ARM.Collect$$libinit$$00000000  c_w.l(libinit.o)
    0x0000078a   0x0000078a   0x00000004   Code   RO          484    .ARM.Collect$$libinit$$00000001  c_w.l(libinit2.o)
    0x0000078e   0x0000078e   0x00000000   Code   RO          487    .ARM.Collect$$libinit$$00000004  c_w.l(libinit2.o)
    0x0000078e   0x0000078e   0x00000000   Code   RO          489    .ARM.Collect$$libinit$$00000006  c_w.l(libinit2.o)
    0x0000078e   0x0000078e   0x00000000   Code   RO          492    .ARM.Collect$$libinit$$0000000C  c_w.l(libinit2.o)
    0x0000078e   0x0000078e   0x00000000   Code   RO          494    .ARM.Collect$$libinit$$0000000E  c_w.l(libinit2.o)
    0x0000078e   0x0000078e   0x00000000   Code   RO          496    .ARM.Collect$$libinit$$00000010  c_w.l(libinit2.o)
    0x0000078e   0x0000078e   0x00000006   Code   RO          497    .ARM.Collect$$libinit$$00000011  c_w.l(libinit2.o)
    0x00000794   0x00000794   0x00000000   Code   RO          499    .ARM.Collect$$libinit$$00000013  c_w.l(libinit2.o)
    0x00000794   0x00000794   0x0000000c   Code   RO          500    .ARM.Collect$$libinit$$00000014  c_w.l(libinit2.o)
    0x000007a0   0x000007a0   0x00000000   Code   RO          501    .ARM.Collect$$libinit$$00000015  c_w.l(libinit2.o)
    0x000007a0   0x000007a0   0x00000000   Code   RO          503    .ARM.Collect$$libinit$$00000017  c_w.l(libinit2.o)
    0x000007a0   0x000007a0   0x0000000a   Code   RO          504    .ARM.Collect$$libinit$$00000018  c_w.l(libinit2.o)
    0x000007aa   0x000007aa   0x00000000   Code   RO          505    .ARM.Collect$$libinit$$00000019  c_w.l(libinit2.o)
    0x000007aa   0x000007aa   0x00000000   Code   RO          507    .ARM.Collect$$libinit$$0000001B  c_w.l(libinit2.o)
    0x000007aa   0x000007aa   0x00000000   Code   RO          509    .ARM.Collect$$libinit$$0000001D  c_w.l(libinit2.o)
    0x000007aa   0x000007aa   0x00000000   Code   RO          511    .ARM.Collect$$libinit$$0000001F  c_w.l(libinit2.o)
    0x000007aa   0x000007aa   0x00000000   Code   RO          513    .ARM.Collect$$libinit$$00000021  c_w.l(libinit2.o)
    0x000007aa   0x000007aa   0x00000000   Code   RO          515    .ARM.Collect$$libinit$$00000023  c_w.l(libinit2.o)
    0x000007aa   0x000007aa   0x00000000   Code   RO          517    .ARM.Collect$$libinit$$00000025  c_w.l(libinit2.o)
    0x000007aa   0x000007aa   0x00000000   Code   RO          519    .ARM.Collect$$libinit$$00000027  c_w.l(libinit2.o)
    0x000007aa   0x000007aa   0x00000000   Code   RO          523    .ARM.Collect$$libinit$$0000002E  c_w.l(libinit2.o)
    0x000007aa   0x000007aa   0x00000000   Code   RO          525    .ARM.Collect$$libinit$$00000030  c_w.l(libinit2.o)
    0x000007aa   0x000007aa   0x00000000   Code   RO          527    .ARM.Collect$$libinit$$00000032  c_w.l(libinit2.o)
    0x000007aa   0x000007aa   0x00000000   Code   RO          529    .ARM.Collect$$libinit$$00000034  c_w.l(libinit2.o)
    0x000007aa   0x000007aa   0x00000002   Code   RO          530    .ARM.Collect$$libinit$$00000035  c_w.l(libinit2.o)
    0x000007ac   0x000007ac   0x00000002   Code   RO          561    .ARM.Collect$$libshutdown$$00000000  c_w.l(libshutdown.o)
    0x000007ae   0x000007ae   0x00000000   Code   RO          573    .ARM.Collect$$libshutdown$$00000002  c_w.l(libshutdown2.o)
    0x000007ae   0x000007ae   0x00000000   Code   RO          575    .ARM.Collect$$libshutdown$$00000004  c_w.l(libshutdown2.o)
    0x000007ae   0x000007ae   0x00000000   Code   RO          578    .ARM.Collect$$libshutdown$$00000007  c_w.l(libshutdown2.o)
    0x000007ae   0x000007ae   0x00000000   Code   RO          581    .ARM.Collect$$libshutdown$$0000000A  c_w.l(libshutdown2.o)
    0x000007ae   0x000007ae   0x00000000   Code   RO          583    .ARM.Collect$$libshutdown$$0000000C  c_w.l(libshutdown2.o)
    0x000007ae   0x000007ae   0x00000000   Code   RO          586    .ARM.Collect$$libshutdown$$0000000F  c_w.l(libshutdown2.o)
    0x000007ae   0x000007ae   0x00000002   Code   RO          587    .ARM.Collect$$libshutdown$$00000010  c_w.l(libshutdown2.o)
    0x000007b0   0x000007b0   0x00000000   Code   RO          257    .ARM.Collect$$rtentry$$00000000  c_w.l(__rtentry.o)
    0x000007b0   0x000007b0   0x00000000   Code   RO          370    .ARM.Collect$$rtentry$$00000002  c_w.l(__rtentry2.o)
    0x000007b0   0x000007b0   0x00000004   Code   RO          384    .ARM.Collect$$rtentry$$00000007  c_w.l(__rtentry7.o)
    0x000007b4   0x000007b4   0x00000000   Code   RO          372    .ARM.Collect$$rtentry$$00000009  c_w.l(__rtentry2.o)
    0x000007b4   0x000007b4   0x00000004   Code   RO          373    .ARM.Collect$$rtentry$$0000000A  c_w.l(__rtentry2.o)
    0x000007b8   0x000007b8   0x00000000   Code   RO          375    .ARM.Collect$$rtentry$$0000000C  c_w.l(__rtentry2.o)
    0x000007b8   0x000007b8   0x00000008   Code   RO          376    .ARM.Collect$$rtentry$$0000000D  c_w.l(__rtentry2.o)
    0x000007c0   0x000007c0   0x00000004   Code   RO          385    .ARM.Collect$$rtentry$$00002718  c_w.l(__rtentry7.o)
    0x000007c4   0x000007c4   0x00000002   Code   RO          478    .ARM.Collect$$rtexit$$00000000  c_w.l(rtexit.o)
    0x000007c6   0x000007c6   0x00000000   Code   RO          539    .ARM.Collect$$rtexit$$00000002  c_w.l(rtexit2.o)
    0x000007c6   0x000007c6   0x00000004   Code   RO          540    .ARM.Collect$$rtexit$$00000003  c_w.l(rtexit2.o)
    0x000007ca   0x000007ca   0x00000006   Code   RO          541    .ARM.Collect$$rtexit$$00000004  c_w.l(rtexit2.o)
    0x000007d0   0x000007d0   0x0000009c   Code   RO          223    .text               startup_s32k144.o
    0x0000086c   0x0000086c   0x0000002c   Code   RO          248    .text               c_w.l(sprintf.o)
    0x00000898   0x00000898   0x0000001a   Code   RO          250    .text               c_w.l(atoi.o)
    0x000008b2   0x000008b2   0x00000002   PAD
    0x000008b4   0x000008b4   0x0000000c   Code   RO          252    .text               c_w.l(strtok.o)
    0x000008c0   0x000008c0   0x00000008   Code   RO          261    .text               c_w.l(rt_errno_addr_intlibspace.o)
    0x000008c8   0x000008c8   0x0000004e   Code   RO          265    .text               c_w.l(_printf_pad.o)
    0x00000916   0x00000916   0x00000024   Code   RO          267    .text               c_w.l(_printf_truncate.o)
    0x0000093a   0x0000093a   0x00000052   Code   RO          269    .text               c_w.l(_printf_str.o)
    0x0000098c   0x0000098c   0x00000078   Code   RO          271    .text               c_w.l(_printf_dec.o)
    0x00000a04   0x00000a04   0x00000028   Code   RO          273    .text               c_w.l(_printf_charcount.o)
    0x00000a2c   0x00000a2c   0x00000030   Code   RO          275    .text               c_w.l(_printf_char_common.o)
    0x00000a5c   0x00000a5c   0x0000000a   Code   RO          277    .text               c_w.l(_sputc.o)
    0x00000a66   0x00000a66   0x00000002   PAD
    0x00000a68   0x00000a68   0x000000bc   Code   RO          279    .text               c_w.l(_printf_wctomb.o)
    0x00000b24   0x00000b24   0x0000007c   Code   RO          282    .text               c_w.l(_printf_longlong_dec.o)
    0x00000ba0   0x00000ba0   0x00000070   Code   RO          288    .text               c_w.l(_printf_oct_int_ll.o)
    0x00000c10   0x00000c10   0x00000094   Code   RO          308    .text               c_w.l(_printf_hex_int_ll_ptr.o)
    0x00000ca4   0x00000ca4   0x00000188   Code   RO          328    .text               c_w.l(__printf_flags_ss_wp.o)
    0x00000e2c   0x00000e2c   0x00000070   Code   RO          354    .text               c_w.l(strtol.o)
    0x00000e9c   0x00000e9c   0x00000044   Code   RO          356    .text               c_w.l(strtok_int.o)
    0x00000ee0   0x00000ee0   0x00000010   Code   RO          389    .text               c_w.l(rt_ctype_table.o)
    0x00000ef0   0x00000ef0   0x0000008a   Code   RO          391    .text               c_w.l(lludiv10.o)
    0x00000f7a   0x00000f7a   0x000000b2   Code   RO          393    .text               c_w.l(_printf_intcommon.o)
    0x0000102c   0x0000102c   0x0000041c   Code   RO          395    .text               c_w.l(_printf_fp_dec.o)
    0x00001448   0x00001448   0x000002fc   Code   RO          399    .text               c_w.l(_printf_fp_hex.o)
    0x00001744   0x00001744   0x0000002c   Code   RO          404    .text               c_w.l(_printf_char.o)
    0x00001770   0x00001770   0x0000002c   Code   RO          406    .text               c_w.l(_printf_wchar.o)
    0x0000179c   0x0000179c   0x0000009e   Code   RO          409    .text               c_w.l(_strtoul.o)
    0x0000183a   0x0000183a   0x00000048   Code   RO          411    .text               c_w.l(_c16rtomb.o)
    0x00001882   0x00001882   0x00000020   Code   RO          413    .text               c_w.l(strcspn.o)
    0x000018a2   0x000018a2   0x0000001c   Code   RO          415    .text               c_w.l(strspn.o)
    0x000018be   0x000018be   0x00000002   PAD
    0x000018c0   0x000018c0   0x00000008   Code   RO          422    .text               c_w.l(rt_locale_intlibspace.o)
    0x000018c8   0x000018c8   0x00000080   Code   RO          424    .text               c_w.l(_printf_fp_infnan.o)
    0x00001948   0x00001948   0x0000001c   Code   RO          426    .text               c_w.l(_chval.o)
    0x00001964   0x00001964   0x000000e4   Code   RO          428    .text               c_w.l(bigflt0.o)
    0x00001a48   0x00001a48   0x00000012   Code   RO          461    .text               c_w.l(exit.o)
    0x00001a5a   0x00001a5a   0x00000006   PAD
    0x00001a60   0x00001a60   0x0000007c   Code   RO          482    .text               c_w.l(strcmpv7em.o)
    0x00001adc   0x00001adc   0x00000002   Code   RO          535    .text               c_w.l(use_no_semi.o)
    0x00001ade   0x00001ade   0x00000000   Code   RO          537    .text               c_w.l(indicate_semi.o)
    0x00001ade   0x00001ade   0x00000002   PAD
    0x00001ae0   0x00001ae0   0x0000000c   Code   RO          551    .text               c_w.l(sys_exit.o)
    0x00001aec   0x00001aec   0x00000070   Code   RO          151    .text.LPSPI1_IRQHandler  main.o
    0x00001b5c   0x00001b5c   0x000000dc   Code   RO          147    .text.LPUART1_RxTx_IRQHandler  main.o
    0x00001c38   0x00001c38   0x00000020   Code   RO          141    .text.PORTC_IRQHandler  main.o
    0x00001c58   0x00001c58   0x00000040   Code   RO           31    .text.PTC_PORT_INTERRUPT  cortex_m4.o
    0x00001c98   0x00001c98   0x00000010   Code   RO          139    .text.SysTick_Handler  main.o
    0x00001ca8   0x00001ca8   0x00000052   Code   RO          232    .text.SystemInit    system_s32k144.o
    0x00001cfa   0x00001cfa   0x00000002   PAD
    0x00001cfc   0x00001cfc   0x00000026   Code   RO          143    .text.button0_process  main.o
    0x00001d22   0x00001d22   0x00000002   PAD
    0x00001d24   0x00001d24   0x0000005a   Code   RO          145    .text.button1_process  main.o
    0x00001d7e   0x00001d7e   0x00000002   PAD
    0x00001d80   0x00001d80   0x00000024   Code   RO          198    .text.flash_launch_command  mem.o
    0x00001da4   0x00001da4   0x00000056   Code   RO          196    .text.flash_ready   mem.o
    0x00001dfa   0x00001dfa   0x00000002   PAD
    0x00001dfc   0x00001dfc   0x00000032   Code   RO          202    .text.flexram_normal_eeprom  mem.o
    0x00001e2e   0x00001e2e   0x00000002   PAD
    0x00001e30   0x00001e30   0x000000aa   Code   RO          149    .text.get_time_month  main.o
    0x00001eda   0x00001eda   0x00000002   PAD
    0x00001edc   0x00001edc   0x00000150   Code   RO           52    .text.gpio_init     gpio_address.o
    0x0000202c   0x0000202c   0x000000a0   Code   RO          215    .text.init_data_bss  startup.o
    0x000020cc   0x000020cc   0x000000b4   Code   RO          168    .text.lpspi1_init_master  lpspi.o
    0x00002180   0x00002180   0x00000012   Code   RO          174    .text.lpspi1_transmit_start  lpspi.o
    0x00002192   0x00002192   0x00000002   PAD
    0x00002194   0x00002194   0x00000012   Code   RO          187    .text.lpuart1_transmit_start  lpuart.o
    0x000021a6   0x000021a6   0x00000002   PAD
    0x000021a8   0x000021a8   0x00000166   Code   RO          183    .text.lpuartn_init  lpuart.o
    0x0000230e   0x0000230e   0x00000002   PAD
    0x00002310   0x00002310   0x0000069c   Code   RO          133    .text.main          main.o
    0x000029ac   0x000029ac   0x0000008e   Code   RO           13    .text.nvic_init     cortex_m4.o
    0x00002a3a   0x00002a3a   0x00000002   PAD
    0x00002a3c   0x00002a3c   0x00000044   Code   RO          200    .text.program_partition_command  mem.o
    0x00002a80   0x00002a80   0x00000088   Code   RO           77    .text.rccr_normal_run_init  scg_config.o
    0x00002b08   0x00002b08   0x00000024   Code   RO          206    .text.readEEPROM    mem.o
    0x00002b2c   0x00002b2c   0x00000110   Code   RO          137    .text.set_date      main.o
    0x00002c3c   0x00002c3c   0x000000c4   Code   RO          135    .text.set_time      main.o
    0x00002d00   0x00002d00   0x00000086   Code   RO           69    .text.sosc_8mhz_init  scg_config.o
    0x00002d86   0x00002d86   0x00000002   PAD
    0x00002d88   0x00002d88   0x00000048   Code   RO            5    .text.sys_tick_init  cortex_m4.o
    0x00002dd0   0x00002dd0   0x00000026   Code   RO            9    .text.sys_tick_load_value  cortex_m4.o
    0x00002df6   0x00002df6   0x00000002   PAD
    0x00002df8   0x00002df8   0x00000024   Code   RO          204    .text.writeEEPROM   mem.o
    0x00002e1c   0x00002e1c   0x0000003e   Code   RO          431    CL$$btod_d2e        c_w.l(btod.o)
    0x00002e5a   0x00002e5a   0x00000046   Code   RO          433    CL$$btod_d2e_denorm_low  c_w.l(btod.o)
    0x00002ea0   0x00002ea0   0x00000060   Code   RO          432    CL$$btod_d2e_norm_op1  c_w.l(btod.o)
    0x00002f00   0x00002f00   0x00000338   Code   RO          441    CL$$btod_div_common  c_w.l(btod.o)
    0x00003238   0x00003238   0x000000dc   Code   RO          438    CL$$btod_e2e        c_w.l(btod.o)
    0x00003314   0x00003314   0x0000002a   Code   RO          435    CL$$btod_ediv       c_w.l(btod.o)
    0x0000333e   0x0000333e   0x0000002a   Code   RO          434    CL$$btod_emul       c_w.l(btod.o)
    0x00003368   0x00003368   0x00000244   Code   RO          440    CL$$btod_mult_common  c_w.l(btod.o)
    0x000035ac   0x000035ac   0x00000030   Code   RO          472    i.__ARM_fpclassify  m_wm.l(fpclassify.o)
    0x000035dc   0x000035dc   0x0000000e   Code   RO          321    i._is_digit         c_w.l(__printf_wp.o)
    0x000035ea   0x000035ea   0x00000002   PAD
    0x000035ec   0x000035ec   0x0000002c   Code   RO          456    locale$$code        c_w.l(lc_ctype_c.o)
    0x00003618   0x00003618   0x0000002c   Code   RO          459    locale$$code        c_w.l(lc_numeric_c.o)
    0x00003644   0x00003644   0x0000001a   Code   RO          549    x$fpl$fpinit        fz_wm.l(fpinit.o)
    0x0000365e   0x0000365e   0x00000004   Code   RO          358    x$fpl$printf1       fz_wm.l(printf1.o)
    0x00003662   0x00003662   0x00000004   Code   RO          360    x$fpl$printf2       fz_wm.l(printf2.o)
    0x00003666   0x00003666   0x00000000   Code   RO          471    x$fpl$usenofp       fz_wm.l(usenofp.o)
    0x00003666   0x00003666   0x00000002   PAD
    0x00003668   0x00003668   0x00000020   Data   RO          621    Region$$Table       anon$$obj.o


    Execution Region VECTOR_RAM (Exec base: 0x1fff8000, Load base: 0x00000230, Size: 0x00000400, Max: 0x00000400, ABSOLUTE)

    Exec Addr    Load Addr    Size         Type   Attr      Idx    E Section Name        Object

    0x1fff8000        -       0x00000400   Zero   RW            1    VECTOR_RAM.bss      anon$$obj.o


    Execution Region RW_m_data (Exec base: 0x1fff8400, Load base: 0x00003688, Size: 0x00000008, Max: 0xffffffff, ABSOLUTE)

    Exec Addr    Load Addr    Size         Type   Attr      Idx    E Section Name        Object

    0x1fff8400   0x00003688   0x00000004   Data   RW          253    .data               c_w.l(strtok.o)
    0x1fff8404   0x0000368c   0x00000001   Data   RW          153    .data.ledStat       main.o


    Execution Region RW_m_code (Exec base: 0x1fff8408, Load base: 0x00003690, Size: 0x00000000, Max: 0x00007c00, ABSOLUTE)

    **** No section assigned to this execution region ****


    Execution Region RW_m_custom_section (Exec base: 0x20000000, Load base: 0x00003690, Size: 0x00000000, Max: 0xffffffff, ABSOLUTE)

    **** No section assigned to this execution region ****


    Execution Region RW_m_data_2 (Exec base: 0x20000000, Load base: 0x00003690, Size: 0x00000110, Max: 0x00006800, ABSOLUTE)

    Exec Addr    Load Addr    Size         Type   Attr      Idx    E Section Name        Object

    0x20000000        -       0x00000060   Zero   RW          367    .bss                c_w.l(libspace.o)
    0x20000060        -       0x00000006   Zero   RW          156    .bss.date           main.o
    0x20000066        -       0x00000001   Zero   RW          154    .bss.mainFlag       main.o
    0x20000067   0x00003690   0x00000001   PAD
    0x20000068        -       0x00000052   Zero   RW          157    .bss.spi            main.o
    0x200000ba        -       0x00000004   Zero   RW          155    .bss.time           main.o
    0x200000be        -       0x00000052   Zero   RW          158    .bss.uart           main.o


    Execution Region ARM_LIB_HEAP (Exec base: 0x20000110, Load base: 0x00003690, Size: 0x00000400, Max: 0x00000400, ABSOLUTE)

    Exec Addr    Load Addr    Size         Type   Attr      Idx    E Section Name        Object

    0x20000110        -       0x00000400   Zero   RW            2    ARM_LIB_HEAP.bss    anon$$obj.o


    Execution Region ARM_LIB_STACK (Exec base: 0x20006c00, Load base: 0x00003690, Size: 0x00000400, Max: 0x00000400, ABSOLUTE)

    Exec Addr    Load Addr    Size         Type   Attr      Idx    E Section Name        Object

    0x20006c00        -       0x00000400   Zero   RW            3    ARM_LIB_STACK.bss   anon$$obj.o


==============================================================================

Image component sizes


      Code (inc. data)   RO Data    RW Data    ZI Data      Debug   Object Name

       316          0          0          0          0       4883   cortex_m4.o
       336          0          0          0          0       4324   gpio_address.o
       198          0          0          0          0       3257   lpspi.o
       376          0          0          0          0       2989   lpuart.o
      2838          0         21          1        175       6342   main.o
       312          0          0          0          0       1992   mem.o
       270          0          0          0          0       9082   scg_config.o
       160          0          4          0          0       1143   startup.o
       156        106        576          0          0        996   startup_s32k144.o
        82          0          0          0          0       2913   system_s32k144.o

    ----------------------------------------------------------------------
      5068        106        636          4       3248      37921   Object Totals
         0          0         32          0       3072          0   (incl. Generated)
        24          0          3          3          1          0   (incl. Padding)

    ----------------------------------------------------------------------

      Code (inc. data)   RO Data    RW Data    ZI Data      Debug   Library Member Name

         8          0          0          0          0         68   __main.o
       392          4         17          0          0         92   __printf_flags_ss_wp.o
        14          0          0          0          0         68   __printf_wp.o
         0          0          0          0          0          0   __rtentry.o
        12          0          0          0          0          0   __rtentry2.o
         8          4          0          0          0          0   __rtentry7.o
        94          8          0          0          0          0   __scatter.o
        26          0          0          0          0          0   __scatter_copy.o
        28          0          0          0          0          0   __scatter_zi.o
        72          0          0          0          0         96   _c16rtomb.o
        28          0          0          0          0         68   _chval.o
         6          0          0          0          0          0   _printf_a.o
         6          0          0          0          0          0   _printf_c.o
        44          0          0          0          0        108   _printf_char.o
        48          6          0          0          0         96   _printf_char_common.o
        40          0          0          0          0         68   _printf_charcount.o
         6          0          0          0          0          0   _printf_d.o
       120         16          0          0          0         92   _printf_dec.o
         6          0          0          0          0          0   _printf_e.o
         6          0          0          0          0          0   _printf_f.o
      1052          0          0          0          0        148   _printf_fp_dec.o
       764          8         38          0          0        100   _printf_fp_hex.o
       128         16          0          0          0         84   _printf_fp_infnan.o
         6          0          0          0          0          0   _printf_g.o
       148          4         40          0          0        160   _printf_hex_int_ll_ptr.o
         6          0          0          0          0          0   _printf_i.o
       178          0          0          0          0         88   _printf_intcommon.o
        10          0          0          0          0          0   _printf_l.o
         6          0          0          0          0          0   _printf_lc.o
        10          0          0          0          0          0   _printf_ll.o
         6          0          0          0          0          0   _printf_lld.o
         6          0          0          0          0          0   _printf_lli.o
         6          0          0          0          0          0   _printf_llo.o
         6          0          0          0          0          0   _printf_llu.o
         6          0          0          0          0          0   _printf_llx.o
       124         16          0          0          0         92   _printf_longlong_dec.o
         6          0          0          0          0          0   _printf_ls.o
         6          0          0          0          0          0   _printf_n.o
         6          0          0          0          0          0   _printf_o.o
       112          8          0          0          0        124   _printf_oct_int_ll.o
         6          0          0          0          0          0   _printf_p.o
        78          0          0          0          0        108   _printf_pad.o
         0          0          0          0          0          0   _printf_percent.o
         4          0          0          0          0          0   _printf_percent_end.o
         6          0          0          0          0          0   _printf_s.o
        82          0          0          0          0         80   _printf_str.o
        36          0          0          0          0         84   _printf_truncate.o
         6          0          0          0          0          0   _printf_u.o
        44          0          0          0          0        108   _printf_wchar.o
       188          6          8          0          0         92   _printf_wctomb.o
         6          0          0          0          0          0   _printf_x.o
        10          0          0          0          0         68   _sputc.o
       158          0          0          0          0         92   _strtoul.o
        26          0          0          0          0         80   atoi.o
       228          4        148          0          0         96   bigflt0.o
      1936        128          0          0          0        668   btod.o
        18          0          0          0          0         80   exit.o
         0          0          0          0          0          0   indicate_semi.o
        44         10        272          0          0         76   lc_ctype_c.o
        44         10         28          0          0         76   lc_numeric_c.o
         2          0          0          0          0          0   libinit.o
        34          0          0          0          0          0   libinit2.o
         2          0          0          0          0          0   libshutdown.o
         2          0          0          0          0          0   libshutdown2.o
         0          0          0          0         96          0   libspace.o
       138          0          0          0          0         80   lludiv10.o
        16          4          0          0          0         76   rt_ctype_table.o
         8          4          0          0          0         68   rt_errno_addr_intlibspace.o
         8          4          0          0          0         68   rt_locale_intlibspace.o
         2          0          0          0          0          0   rtexit.o
        10          0          0          0          0          0   rtexit2.o
        44          6          0          0          0         84   sprintf.o
       124          0          0          0          0         88   strcmpv7em.o
        32          0          0          0          0         80   strcspn.o
        28          0          0          0          0         80   strspn.o
        12          6          0          4          0         68   strtok.o
        68          4          0          0          0         84   strtok_int.o
       112          0          0          0          0         88   strtol.o
        12          4          0          0          0         68   sys_exit.o
         2          0          0          0          0         68   use_no_semi.o
        26          0          0          0          0        116   fpinit.o
         4          0          0          0          0        116   printf1.o
         4          0          0          0          0        116   printf2.o
         0          0          0          0          0          0   usenofp.o
        48          0          0          0          0        124   fpclassify.o

    ----------------------------------------------------------------------
      7236        280        552          4         96       4732   Library Totals
        22          0          1          0          0          0   (incl. Padding)

    ----------------------------------------------------------------------

      Code (inc. data)   RO Data    RW Data    ZI Data      Debug   Library Name

      7132        280        551          4         96       4260   c_w.l
        34          0          0          0          0        348   fz_wm.l
        48          0          0          0          0        124   m_wm.l

    ----------------------------------------------------------------------
      7236        280        552          4         96       4732   Library Totals

    ----------------------------------------------------------------------

==============================================================================


      Code (inc. data)   RO Data    RW Data    ZI Data      Debug   

     12304        386       1188          8       3344      40021   Grand Totals
     12304        386       1188          8       3344      40021   ELF Image Totals
     12304        386       1188          8          0          0   ROM Totals

==============================================================================

    Total RO  Size (Code + RO Data)                13492 (  13.18kB)
    Total RW  Size (RW Data + ZI Data)              3352 (   3.27kB)
    Total ROM Size (Code + RO Data + RW Data)      13500 (  13.18kB)

==============================================================================

